Archive member included to satisfy reference by file (symbol)

//usr/lib/arm-linux-gnueabihf/libc_nonshared.a(elf-init.oS)
                              /usr/lib/gcc/arm-linux-gnueabihf/8/../../../arm-linux-gnueabihf/crt1.o (__libc_csu_init)

Discarded input sections

 .note.GNU-stack
                0x00000000        0x0 /usr/lib/gcc/arm-linux-gnueabihf/8/../../../arm-linux-gnueabihf/crt1.o
 .note.GNU-stack
                0x00000000        0x0 /usr/lib/gcc/arm-linux-gnueabihf/8/../../../arm-linux-gnueabihf/crti.o
 .note.GNU-stack
                0x00000000        0x0 /usr/lib/gcc/arm-linux-gnueabihf/8/crtbegin.o
 .note.GNU-stack
                0x00000000        0x0 obj/Release/external/kissfft/kiss_fft.o
 .note.GNU-stack
                0x00000000        0x0 obj/Release/external/kissfft/tools/kiss_fftnd.o
 .note.GNU-stack
                0x00000000        0x0 obj/Release/external/kissfft/tools/kiss_fftndr.o
 .note.GNU-stack
                0x00000000        0x0 obj/Release/external/kissfft/tools/kiss_fftr.o
 .group         0x00000000       0x14 obj/Release/external/log/src/log.o
 .group         0x00000000       0x28 obj/Release/external/log/src/log.o
 .group         0x00000000       0x2c obj/Release/external/log/src/log.o
 .group         0x00000000       0x1c obj/Release/external/log/src/log.o
 .group         0x00000000       0x18 obj/Release/external/log/src/log.o
 .group         0x00000000       0x18 obj/Release/external/log/src/log.o
 .group         0x00000000       0x18 obj/Release/external/log/src/log.o
 .note.GNU-stack
                0x00000000        0x0 obj/Release/external/log/src/log.o
 .note.GNU-stack
                0x00000000        0x0 obj/Release/external/phash/audiophash.o
 .note.GNU-stack
                0x00000000        0x0 obj/Release/external/phash/ph_fft.o
 .group         0x00000000       0x14 obj/Release/src/agentthread.o
 .group         0x00000000       0x14 obj/Release/src/agentthread.o
 .group         0x00000000       0x14 obj/Release/src/agentthread.o
 .group         0x00000000       0x14 obj/Release/src/agentthread.o
 .group         0x00000000       0x18 obj/Release/src/agentthread.o
 .group         0x00000000       0x18 obj/Release/src/agentthread.o
 .group         0x00000000       0x18 obj/Release/src/agentthread.o
 .group         0x00000000       0x18 obj/Release/src/agentthread.o
 .group         0x00000000       0x18 obj/Release/src/agentthread.o
 .group         0x00000000       0x18 obj/Release/src/agentthread.o
 .group         0x00000000       0x18 obj/Release/src/agentthread.o
 .group         0x00000000       0x18 obj/Release/src/agentthread.o
 .group         0x00000000       0x18 obj/Release/src/agentthread.o
 .group         0x00000000       0x18 obj/Release/src/agentthread.o
 .group         0x00000000       0x34 obj/Release/src/agentthread.o
 .group         0x00000000       0x2c obj/Release/src/agentthread.o
 .group         0x00000000       0x2c obj/Release/src/agentthread.o
 .group         0x00000000       0x18 obj/Release/src/agentthread.o
 .group         0x00000000       0x1c obj/Release/src/agentthread.o
 .group         0x00000000       0x2c obj/Release/src/agentthread.o
 .group         0x00000000       0x2c obj/Release/src/agentthread.o
 .group         0x00000000       0x2c obj/Release/src/agentthread.o
 .group         0x00000000       0x2c obj/Release/src/agentthread.o
 .group         0x00000000       0x14 obj/Release/src/agentthread.o
 .group         0x00000000       0x18 obj/Release/src/agentthread.o
 .group         0x00000000       0x18 obj/Release/src/agentthread.o
 .group         0x00000000       0x18 obj/Release/src/agentthread.o
 .group         0x00000000       0x18 obj/Release/src/agentthread.o
 .group         0x00000000       0x18 obj/Release/src/agentthread.o
 .group         0x00000000       0x18 obj/Release/src/agentthread.o
 .group         0x00000000       0x18 obj/Release/src/agentthread.o
 .group         0x00000000       0x14 obj/Release/src/agentthread.o
 .group         0x00000000       0x18 obj/Release/src/agentthread.o
 .group         0x00000000       0x18 obj/Release/src/agentthread.o
 .group         0x00000000       0x14 obj/Release/src/agentthread.o
 .group         0x00000000       0x18 obj/Release/src/agentthread.o
 .group         0x00000000       0x18 obj/Release/src/agentthread.o
 .group         0x00000000       0x14 obj/Release/src/agentthread.o
 .group         0x00000000       0x14 obj/Release/src/agentthread.o
 .group         0x00000000       0x14 obj/Release/src/agentthread.o
 .group         0x00000000       0x14 obj/Release/src/agentthread.o
 .group         0x00000000       0x14 obj/Release/src/agentthread.o
 .group         0x00000000       0x14 obj/Release/src/agentthread.o
 .group         0x00000000       0x14 obj/Release/src/agentthread.o
 .group         0x00000000       0x14 obj/Release/src/agentthread.o
 .group         0x00000000       0x14 obj/Release/src/agentthread.o
[...]
Memory Configuration

Name             Origin             Length             Attributes
*default*        0x00000000         0xffffffff

Linker script and memory map

LOAD /usr/lib/gcc/arm-linux-gnueabihf/8/../../../arm-linux-gnueabihf/crt1.o
LOAD /usr/lib/gcc/arm-linux-gnueabihf/8/../../../arm-linux-gnueabihf/crti.o
LOAD /usr/lib/gcc/arm-linux-gnueabihf/8/crtbegin.o
LOAD obj/Release/external/kissfft/kiss_fft.o
LOAD obj/Release/external/kissfft/tools/kiss_fftnd.o
LOAD obj/Release/external/kissfft/tools/kiss_fftndr.o
LOAD obj/Release/external/kissfft/tools/kiss_fftr.o
LOAD obj/Release/external/log/src/log.o
LOAD obj/Release/external/phash/audiophash.o
LOAD obj/Release/external/phash/ph_fft.o
LOAD obj/Release/src/agentthread.o
LOAD obj/Release/src/compi.o
LOAD obj/Release/src/hash.o
LOAD obj/Release/src/inimanager.o
LOAD obj/Release/src/inisection.o
LOAD obj/Release/src/kiss_xcorr.o
LOAD obj/Release/src/logtofile.o
LOAD obj/Release/src/main.o
LOAD obj/Release/src/mibwritabletable.o
LOAD obj/Release/src/recorder.o
LOAD obj/Release/src/utils.o
LOAD /usr/lib/gcc/arm-linux-gnueabihf/8/../../../arm-linux-gnueabihf/libpthread.so
LOAD /usr/lib/gcc/arm-linux-gnueabihf/8/../../../arm-linux-gnueabihf/libportaudio.so
LOAD //usr/local/lib/libagent++.so
LOAD //usr/local/lib/libsnmp++.so
LOAD /usr/lib/gcc/arm-linux-gnueabihf/8/libstdc++.so
LOAD /usr/lib/gcc/arm-linux-gnueabihf/8/../../../arm-linux-gnueabihf/libm.so
LOAD /usr/lib/gcc/arm-linux-gnueabihf/8/libgcc_s.so
START GROUP
LOAD /usr/lib/gcc/arm-linux-gnueabihf/8/libgcc_s.so.1
LOAD /usr/lib/gcc/arm-linux-gnueabihf/8/libgcc.a
END GROUP
LOAD /usr/lib/gcc/arm-linux-gnueabihf/8/libgcc.a
LOAD /usr/lib/gcc/arm-linux-gnueabihf/8/../../../arm-linux-gnueabihf/libc.so
START GROUP
LOAD //lib/arm-linux-gnueabihf/libc.so.6
LOAD //usr/lib/arm-linux-gnueabihf/libc_nonshared.a
LOAD //lib/arm-linux-gnueabihf/ld-linux-armhf.so.3
END GROUP
LOAD /usr/lib/gcc/arm-linux-gnueabihf/8/libgcc_s.so
START GROUP
LOAD /usr/lib/gcc/arm-linux-gnueabihf/8/libgcc_s.so.1
LOAD /usr/lib/gcc/arm-linux-gnueabihf/8/libgcc.a
END GROUP
LOAD /usr/lib/gcc/arm-linux-gnueabihf/8/libgcc.a
LOAD /usr/lib/gcc/arm-linux-gnueabihf/8/crtend.o
LOAD /usr/lib/gcc/arm-linux-gnueabihf/8/../../../arm-linux-gnueabihf/crtn.o
                [!provide]                PROVIDE (__executable_start = SEGMENT_START ("text-segment", 0x10000))
                0x00010154                . = (SEGMENT_START ("text-segment", 0x10000) + SIZEOF_HEADERS)

.interp         0x00010154       0x19
 *(.interp)
 .interp        0x00010154       0x19 /usr/lib/gcc/arm-linux-gnueabihf/8/../../../arm-linux-gnueabihf/crt1.o

.note.ABI-tag   0x00010170       0x20
 .note.ABI-tag  0x00010170       0x20 /usr/lib/gcc/arm-linux-gnueabihf/8/../../../arm-linux-gnueabihf/crt1.o

.note.gnu.build-id
                0x00010190       0x24
 *(.note.gnu.build-id)
 .note.gnu.build-id
                0x00010190       0x24 linker stubs

.hash
 *(.hash)

.gnu.hash       0x000101b4     0x1874
 *(.gnu.hash)
 .gnu.hash      0x000101b4     0x1874 /usr/lib/gcc/arm-linux-gnueabihf/8/../../../arm-linux-gnueabihf/crt1.o

.dynsym         0x00011a28     0x3170
 *(.dynsym)
 .dynsym        0x00011a28     0x3170 /usr/lib/gcc/arm-linux-gnueabihf/8/../../../arm-linux-gnueabihf/crt1.o

.dynstr         0x00014b98     0x8064
 *(.dynstr)
 .dynstr        0x00014b98     0x8064 /usr/lib/gcc/arm-linux-gnueabihf/8/../../../arm-linux-gnueabihf/crt1.o

.gnu.version    0x0001cbfc      0x62e
 *(.gnu.version)
 .gnu.version   0x0001cbfc      0x62e /usr/lib/gcc/arm-linux-gnueabihf/8/../../../arm-linux-gnueabihf/crt1.o

.gnu.version_d  0x0001d22c        0x0
 *(.gnu.version_d)
 .gnu.version_d
                0x0001d22c        0x0 /usr/lib/gcc/arm-linux-gnueabihf/8/../../../arm-linux-gnueabihf/crt1.o

.gnu.version_r  0x0001d22c      0x170
 *(.gnu.version_r)
 .gnu.version_r
                0x0001d22c      0x170 /usr/lib/gcc/arm-linux-gnueabihf/8/../../../arm-linux-gnueabihf/crt1.o

.rel.dyn        0x0001d39c       0xf0
 *(.rel.init)
 *(.rel.text .rel.text.* .rel.gnu.linkonce.t.*)
 *(.rel.fini)
 *(.rel.rodata .rel.rodata.* .rel.gnu.linkonce.r.*)
 *(.rel.data.rel.ro .rel.data.rel.ro.* .rel.gnu.linkonce.d.rel.ro.*)
 .rel.data.rel.ro
                0x0001d39c       0xc8 /usr/lib/gcc/arm-linux-gnueabihf/8/../../../arm-linux-gnueabihf/crt1.o
 *(.rel.data .rel.data.* .rel.gnu.linkonce.d.*)
 *(.rel.tdata .rel.tdata.* .rel.gnu.linkonce.td.*)
 *(.rel.tbss .rel.tbss.* .rel.gnu.linkonce.tb.*)
 *(.rel.ctors)
 *(.rel.dtors)
 *(.rel.got)
 .rel.got       0x0001d464       0x10 /usr/lib/gcc/arm-linux-gnueabihf/8/../../../arm-linux-gnueabihf/crt1.o
 *(.rel.bss .rel.bss.* .rel.gnu.linkonce.b.*)
 .rel.bss       0x0001d474       0x18 /usr/lib/gcc/arm-linux-gnueabihf/8/../../../arm-linux-gnueabihf/crt1.o
                [!provide]                PROVIDE (__rel_iplt_start = .)
 *(.rel.iplt)
 .rel.iplt      0x0001d48c        0x0 /usr/lib/gcc/arm-linux-gnueabihf/8/../../../arm-linux-gnueabihf/crt1.o
                [!provide]                PROVIDE (__rel_iplt_end = .)

.rela.dyn       0x0001d48c        0x0
 *(.rela.init)
 *(.rela.text .rela.text.* .rela.gnu.linkonce.t.*)
 *(.rela.fini)
 *(.rela.rodata .rela.rodata.* .rela.gnu.linkonce.r.*)
 *(.rela.data .rela.data.* .rela.gnu.linkonce.d.*)
 *(.rela.tdata .rela.tdata.* .rela.gnu.linkonce.td.*)
 *(.rela.tbss .rela.tbss.* .rela.gnu.linkonce.tb.*)
 *(.rela.ctors)
 *(.rela.dtors)
 *(.rela.got)
 *(.rela.bss .rela.bss.* .rela.gnu.linkonce.b.*)
                [!provide]                PROVIDE (__rela_iplt_start = .)
 *(.rela.iplt)
                [!provide]                PROVIDE (__rela_iplt_end = .)

.rel.plt        0x0001d48c      0x780
 *(.rel.plt)
 .rel.plt       0x0001d48c      0x780 /usr/lib/gcc/arm-linux-gnueabihf/8/../../../arm-linux-gnueabihf/crt1.o

.rela.plt
 *(.rela.plt)

.init           0x0001dc0c        0xc
 *(SORT_NONE(.init))
 .init          0x0001dc0c        0x8 /usr/lib/gcc/arm-linux-gnueabihf/8/../../../arm-linux-gnueabihf/crti.o
                0x0001dc0c                _init
 .init          0x0001dc14        0x4 /usr/lib/gcc/arm-linux-gnueabihf/8/../../../arm-linux-gnueabihf/crtn.o

.plt            0x0001dc18      0xb54
 *(.plt)
 .plt           0x0001dc18      0xb54 /usr/lib/gcc/arm-linux-gnueabihf/8/../../../arm-linux-gnueabihf/crt1.o
                0x0001dc2c                pclose@@GLIBC_2.4
                0x0001dc38                Agentpp::MibTableRow::operator>(Agentpp::MibTableRow const&)
                0x0001dc44                std::basic_istream<char, std::char_traits<char> >& std::getline<char, std::char_traits<char>, std::allocator<char> >(std::basic_istream<char, std::char_traits<char> >&, std::__cxx11::basic_string<char, std::char_traits<char>, std::allocator<char> >&, char)@@GLIBCXX_3.4.21
                0x0001dc50                std::basic_ifstream<char, std::char_traits<char> >::~basic_ifstream()@@GLIBCXX_3.4
                0x0001dc5c                Snmp_pp::Snmp::broadcast_discovery(Snmp_pp::SnmpCollection<Snmp_pp::UdpAddress>&, int, Snmp_pp::UdpAddress const&, Snmp_pp::snmp_version, Snmp_pp::OctetStr const*)
                0x0001dc68                fwrite@@GLIBC_2.4
                0x0001dc74                std::__throw_out_of_range_fmt(char const*, ...)@@GLIBCXX_3.4.20
                0x0001dc80                std::__throw_logic_error(char const*)@@GLIBCXX_3.4
                0x0001dc8c                __cxa_begin_catch@@CXXABI_1.3
                0x0001dc98                Snmp_pp::Oid::get_asn1_length() const
                0x0001dca4                toupper@@GLIBC_2.4
                0x0001dcb0                Agentpp::Mib::Mib()
                0x0001dcbc                std::__cxx11::basic_string<char, std::char_traits<char>, std::allocator<char> >::_M_mutate(unsigned int, unsigned int, char const*, unsigned int)@@GLIBCXX_3.4.21
                0x0001dcc8                Agentpp::NotificationOriginator::add_v2_trap_destination(Snmp_pp::UdpAddress const&, Snmp_pp::OctetStr const&, Snmp_pp::OctetStr const&, Snmp_pp::OctetStr const&)
                0x0001dcd4                std::__throw_bad_alloc()@@GLIBCXX_3.4
                0x0001dce0                operator new[](unsigned int)@@GLIBCXX_3.4
                0x0001dcec                Snmp_pp::Snmp::get(Snmp_pp::Pdu&, Snmp_pp::SnmpTarget&, void (*)(int, Snmp_pp::Snmp*, Snmp_pp::Pdu&, Snmp_pp::SnmpTarget&, void*), void const*)
                0x0001dcf8                std::__cxx11::basic_string<char, std::char_traits<char>, std::allocator<char> >::compare(std::__cxx11::basic_string<char, std::char_traits<char>, std::allocator<char> > const&) const@@GLIBCXX_3.4.21
                0x0001dd04                strtod@@GLIBC_2.4
                0x0001dd10                std::ostream::sentry::~sentry()@@GLIBCXX_3.4
                0x0001dd1c                socket@@GLIBC_2.4
                0x0001dd28                Snmp_pp::Oid::Oid(char const*, bool)
                0x0001dd34                __aeabi_idivmod@@GCC_3.5
                0x0001dd40                Agentpp::RequestList::set_read_community(Snmp_pp::OctetStr const&)
                0x0001dd4c                Snmp_pp::Oid::Oid(char const*, bool)
                0x0001dd58                std::__cxx11::basic_string<char, std::char_traits<char>, std::allocator<char> >::find(char const*, unsigned int, unsigned int) const@@GLIBCXX_3.4.21
                0x0001dd64                Snmp_pp::Vb::get_value(int&) const
                0x0001dd70                Pa_Initialize
                0x0001dd7c                std::basic_filebuf<char, std::char_traits<char> >::close()@@GLIBCXX_3.4
                0x0001dd88                Agentpp::MibEntry::is_volatile()
                0x0001dd94                Snmp_pp::Snmp::get_bulk(Snmp_pp::Pdu&, Snmp_pp::SnmpTarget&, int, int, void (*)(int, Snmp_pp::Snmp*, Snmp_pp::Pdu&, Snmp_pp::SnmpTarget&, void*), void const*)
                0x0001dda0                Snmp_pp::Snmp::get_notify_filter(Snmp_pp::SnmpCollection<Snmp_pp::Oid>&, Snmp_pp::SnmpCollection<Snmp_pp::SnmpTarget>&)
                0x0001ddac                Agentpp::OidxPtrEntryPtrAVLMap::seek_inexact(Agentpp::Oidx*) const
                0x0001ddb8                Agentpp::NotificationOriginator::NotificationOriginator()
                0x0001ddc4                Snmp_pp::Snmp::~Snmp()
                0x0001ddd0                operator delete[](void*, unsigned int)@@CXXABI_1.3.9
                0x0001dddc                Agentpp::OidxPtrEntryPtrAVLMap::_kill(Agentpp::OidxPtrEntryPtrAVLNode*)
                0x0001dde8                sqrt@@GLIBC_2.4
                0x0001ddf4                Agentpp::snmp_notification_mib::snmp_notification_mib()
                0x0001de00                Snmp_pp::DefaultLog::init_ts(Snmp_pp::AgentLog*)
                0x0001de0c                Snmp_pp::Snmp::socket_cleanup()
                0x0001de18                fputc@@GLIBC_2.4
                0x0001de24                Snmp_pp::Snmp::inform(Snmp_pp::Pdu&, Snmp_pp::SnmpTarget&, void (*)(int, Snmp_pp::Snmp*, Snmp_pp::Pdu&, Snmp_pp::SnmpTarget&, void*), void const*)
                0x0001de30                std::thread::join()@@GLIBCXX_3.4.11
                0x0001de3c                Snmp_pp::Snmp::get_next(Snmp_pp::Pdu&, Snmp_pp::SnmpTarget&)
                0x0001de48                std::ostream::operator<<(int)@@GLIBCXX_3.4
                0x0001de54                std::__throw_bad_cast()@@GLIBCXX_3.4
                0x0001de60                strerror@@GLIBC_2.4
                0x0001de6c                __cxa_guard_acquire@@CXXABI_1.3
                0x0001de78                std::basic_ios<char, std::char_traits<char> >::init(std::basic_streambuf<char, std::char_traits<char> >*)@@GLIBCXX_3.4
                0x0001de84                operator delete[](void*)@@GLIBCXX_3.4
                0x0001de90                std::ostream& std::ostream::_M_insert<long>(long)@@GLIBCXX_3.4.9
                0x0001de9c                Snmp_pp::Snmp::cancel(unsigned long)
                0x0001dea8                std::__cxx11::basic_stringstream<char, std::char_traits<char>, std::allocator<char> >::~basic_stringstream()@@GLIBCXX_3.4.21
                0x0001deb4                __libc_start_main@@GLIBC_2.4
                0x0001dec0                Agentpp::MibTableRow::operator<(Agentpp::MibTableRow const&)
                0x0001ded8                std::thread::_State::~_State()@@GLIBCXX_3.4.22
                0x0001dee4                Snmp_pp::Snmp::Snmp(int&, unsigned short, bool)
                0x0001def0                std::ostream& std::ostream::_M_insert<bool>(bool)@@GLIBCXX_3.4.9
                0x0001defc                Snmp_pp::Snmp::set(Snmp_pp::Pdu&, Snmp_pp::SnmpTarget&)
                0x0001df08                std::__throw_system_error(int)@@GLIBCXX_3.4.11
                0x0001df14                __cxa_guard_abort@@CXXABI_1.3
                0x0001df20                __errno_location@@GLIBC_2.4
                0x0001df2c                std::__cxx11::basic_stringstream<char, std::char_traits<char>, std::allocator<char> >::basic_stringstream(std::_Ios_Openmode)@@GLIBCXX_3.4.21
                0x0001df38                _exit@@GLIBC_2.4
                0x0001df44                Snmp_pp::Snmp::set(Snmp_pp::Pdu&, Snmp_pp::SnmpTarget&, void (*)(int, Snmp_pp::Snmp*, Snmp_pp::Pdu&, Snmp_pp::SnmpTarget&, void*), void const*)
                0x0001df50                Snmp_pp::Snmp::get(Snmp_pp::Pdu&, Snmp_pp::SnmpTarget&)
                0x0001df5c                Agentpp::NotificationOriginator::generate(Agentpp::Vbx*, int, Agentpp::Oidx const&, Agentpp::Oidx const&, Snmp_pp::OctetStr const&)
                0x0001df68                std::ctype<char>::_M_widen_init() const@@GLIBCXX_3.4.11
                0x0001df74                std::_Rb_tree_decrement(std::_Rb_tree_node_base*)@@GLIBCXX_3.4
                0x0001df80                std::basic_ostream<char, std::char_traits<char> >& std::flush<char, std::char_traits<char> >(std::basic_ostream<char, std::char_traits<char> >&)@@GLIBCXX_3.4
                0x0001df8c                operator delete(void*, unsigned int)@@CXXABI_1.3.9
                0x0001df98                Agentpp::MibContext::key()
                0x0001dfa4                mkdir@@GLIBC_2.4
                0x0001dfb0                std::ostream::flush()@@GLIBCXX_3.4
                0x0001dfbc                pthread_mutex_lock@@GLIBC_2.4
                0x0001dfc8                std::ostream& std::ostream::_M_insert<unsigned long>(unsigned long)@@GLIBCXX_3.4.9
                0x0001dfd4                std::ostream::operator<<(short)@@GLIBCXX_3.4
                0x0001dfe0                __xstat@@GLIBC_2.4
                0x0001dfec                Agentpp::TaskManager::TaskManager(Agentpp::ThreadPool*, int)
                0x0001dff8                std::__basic_file<char>::~__basic_file()@@GLIBCXX_3.4
                0x0001e004                Pa_GetStreamInfo
                0x0001e010                __aeabi_uidiv@@GCC_3.5
                0x0001e01c                Snmp_pp::Oid::operator=(Snmp_pp::SnmpSyntax const&)
                0x0001e028                backtrace@@GLIBC_2.4
                0x0001e034                free@@GLIBC_2.4
                0x0001e040                __muldc3@@GCC_4.0.0
                0x0001e04c                operator delete(void*)@@GLIBCXX_3.4
                0x0001e058                std::ostream::sentry::sentry(std::ostream&)@@GLIBCXX_3.4
                0x0001e064                close@@GLIBC_2.4
                0x0001e070                Agentpp::snmpGroup::snmpGroup()
                0x0001e07c                Agentpp::MibEntry::register_for_notifications(Agentpp::MibEntry*)
                0x0001e088                std::__cxx11::basic_istringstream<char, std::char_traits<char>, std::allocator<char> >::~basic_istringstream()@@GLIBCXX_3.4.21
                0x0001e094                __cxa_guard_release@@CXXABI_1.3
                0x0001e0a0                Snmp_pp::Snmp::notify_unregister()
                0x0001e0ac                memcpy@@GLIBC_2.4
                0x0001e0b8                memmove@@GLIBC_2.4
                0x0001e0c4                std::basic_ostream<char, std::char_traits<char> >& std::operator<< <std::char_traits<char> >(std::basic_ostream<char, std::char_traits<char> >&, char const*)@@GLIBCXX_3.4
                0x0001e0d0                strncpy@@GLIBC_2.4
                0x0001e0dc                syslog@@GLIBC_2.4
                0x0001e0e8                std::condition_variable::notify_one()@@GLIBCXX_3.4.11
                0x0001e0f4                operator new(unsigned int)@@GLIBCXX_3.4
                0x0001e100                Agentpp::sysGroup::sysGroup(char const*, Agentpp::Oidx const&, int, char const*, char const*, char const*)
                0x0001e10c                __gxx_personality_v0@@CXXABI_1.3
                0x0001e118                Agentpp::MibEntry::notify_change(Agentpp::Oidx const&, unsigned char)
                0x0001e124                std::__throw_length_error(char const*)@@GLIBCXX_3.4
                0x0001e130                isspace@@GLIBC_2.4
                0x0001e13c                Snmp_pp::Snmp::response(Snmp_pp::Pdu&, Snmp_pp::SnmpTarget&, int)
                0x0001e148                Agentpp::OidxPtrEntryPtrAVLMap::succ(Agentpp::OidxPtrEntryPtrAVLNode*) const
                0x0001e154                Agentpp::OidxPtrEntryPtrMap::error(char const*) const
                0x0001e160                std::ios_base::Init::~Init()@@GLIBCXX_3.4
                0x0001e16c                Agentpp::OidxPtrEntryPtrAVLMap::pred(Agentpp::OidxPtrEntryPtrAVLNode*) const
                0x0001e178                Snmp_pp::OctetStr::~OctetStr()
                0x0001e184                pthread_self@@GLIBC_2.4
                0x0001e190                Agentpp::OidxPtrEntryPtrAVLMap::rightmost() const
                0x0001e19c                asinh@@GLIBC_2.4
                0x0001e1a8                Snmp_pp::Snmp::notify_get_listen_port()
                0x0001e1b4                Agentpp::MibEntry::get_access()
                0x0001e1c0                std::__cxx11::basic_string<char, std::char_traits<char>, std::allocator<char> >::_M_replace_aux(unsigned int, unsigned int, unsigned int, char)@@GLIBCXX_3.4.21
                0x0001e1cc                signal@@GLIBC_2.4
                0x0001e1d8                Agentpp::Thread::Thread(Agentpp::Runnable&)
                0x0001e1e4                std::condition_variable::~condition_variable()@@GLIBCXX_3.4.11
                0x0001e1f0                cos@@GLIBC_2.4
                0x0001e1fc                std::__cxx11::basic_string<char, std::char_traits<char>, std::allocator<char> >::_M_create(unsigned int&, unsigned int)@@GLIBCXX_3.4.21
                0x0001e208                Snmp_pp::Oid::operator+=(char const*)
                0x0001e214                std::ios_base::~ios_base()@@GLIBCXX_3.4
                0x0001e220                malloc@@GLIBC_2.4
                0x0001e22c                localtime@@GLIBC_2.4
                0x0001e238                std::chrono::_V2::system_clock::now()@@GLIBCXX_3.4.19
                0x0001e244                std::type_info::operator==(std::type_info const&) const@@GLIBCXX_3.4
                0x0001e250                std::locale::locale(std::locale const&)@@GLIBCXX_3.4
                0x0001e25c                Snmp_pp::OctetStr::OctetStr(char const*)
                0x0001e268                Agentpp::snmp_target_mib::snmp_target_mib()
                0x0001e274                Pa_IsFormatSupported
                0x0001e280                strlen@@GLIBC_2.4
                0x0001e28c                std::__cxx11::basic_string<char, std::char_traits<char>, std::allocator<char> >::~basic_string()@@GLIBCXX_3.4.21
                0x0001e298                Agentpp::MibEntry::key()
                0x0001e2a4                std::thread::_M_start_thread(std::unique_ptr<std::thread::_State, std::default_delete<std::thread::_State> >, void (*)())@@GLIBCXX_3.4.22
                0x0001e2b0                std::ostream& std::ostream::_M_insert<double>(double)@@GLIBCXX_3.4.9
                0x0001e2bc                chmod@@GLIBC_2.4
                0x0001e2c8                __cxa_end_catch@@CXXABI_1.3
                0x0001e2d4                Agentpp::MibEntry::operator==(Agentpp::MibEntry const&) const
                0x0001e2e0                std::locale::locale()@@GLIBCXX_3.4
                0x0001e2ec                std::basic_ostream<char, std::char_traits<char> >& std::__ostream_insert<char, std::char_traits<char> >(std::basic_ostream<char, std::char_traits<char> >&, char const*, int)@@GLIBCXX_3.4.9
                0x0001e2f8                __aeabi_atexit@@CXXABI_ARM_1.3.3
                0x0001e304                Agentpp::MibEntry::load_from_file(char const*)
                0x0001e310                __cxa_rethrow@@CXXABI_1.3
                0x0001e31c                Pa_OpenStream
                0x0001e328                Agentpp::MibTableRow::operator==(Agentpp::MibTableRow const&)
                0x0001e334                __cxa_throw_bad_array_new_length@@CXXABI_1.3.8
                0x0001e340                Snmp_pp::Vb::operator=(Snmp_pp::Vb const&)
                0x0001e34c                __pthread_key_create@@GLIBC_2.4
                0x0001e358                __aeabi_idiv@@GCC_3.5
                0x0001e364                floor@@GLIBC_2.4
                0x0001e370                Snmp_pp::Snmp::inform(Snmp_pp::Pdu&, Snmp_pp::SnmpTarget&)
                0x0001e37c                hypot@@GLIBC_2.4
                0x0001e388                std::basic_filebuf<char, std::char_traits<char> >::basic_filebuf()@@GLIBCXX_3.4
                0x0001e394                Agentpp::RequestList::RequestList()
                0x0001e3a0                std::condition_variable::condition_variable()@@GLIBCXX_3.4.11
                0x0001e3ac                Agentpp::MibComplexEntry::MibComplexEntry(Agentpp::MibComplexEntry const&)
                0x0001e3b8                std::_Rb_tree_rebalance_for_erase(std::_Rb_tree_node_base*, std::_Rb_tree_node_base&)@@GLIBCXX_3.4
                0x0001e3c4                Snmp_pp::UdpAddress::UdpAddress(char const*)
                0x0001e3d0                Pa_GetDeviceCount
                0x0001e3dc                Snmp_pp::Vb::get_syntax() const
                0x0001e3e8                std::__cxx11::basic_string<char, std::char_traits<char>, std::allocator<char> >::_M_replace(unsigned int, unsigned int, char const*, unsigned int)@@GLIBCXX_3.4.21
                0x0001e3f4                std::__cxx11::basic_string<char, std::char_traits<char>, std::allocator<char> >::compare(char const*) const@@GLIBCXX_3.4.21
                0x0001e400                std::_Rb_tree_increment(std::_Rb_tree_node_base const*)@@GLIBCXX_3.4
                0x0001e40c                std::basic_filebuf<char, std::char_traits<char> >::~basic_filebuf()@@GLIBCXX_3.4
                0x0001e418                std::__cxx11::basic_string<char, std::char_traits<char>, std::allocator<char> >::_M_append(char const*, unsigned int)@@GLIBCXX_3.4.21
                0x0001e424                Agentpp::Thread::get_runnable()
                0x0001e430                memcmp@@GLIBC_2.4
                0x0001e43c                Agentpp::ThreadPool::ThreadPool(int, int)
                0x0001e448                std::uncaught_exception()@@GLIBCXX_3.4
                0x0001e454                Agentpp::Mib::set_request_list(Agentpp::RequestList*)
                0x0001e460                memset@@GLIBC_2.4
                0x0001e46c                Pa_GetErrorText
                0x0001e478                Snmp_pp::Snmp::notify_set_listen_port(int)
                0x0001e484                Snmp_pp::Oid::OidToStr(Snmp_pp::SmiOID const*, unsigned long, char*) const
                0x0001e490                popen@@GLIBC_2.4
                0x0001e49c                Snmp_pp::Vb::set_syntax(unsigned long)
                0x0001e4a8                __dynamic_cast@@CXXABI_1.3
                0x0001e4b4                std::basic_filebuf<char, std::char_traits<char> >::open(char const*, std::_Ios_Openmode)@@GLIBCXX_3.4
                0x0001e4c0                std::_Rb_tree_increment(std::_Rb_tree_node_base*)@@GLIBCXX_3.4
                0x0001e4cc                __cxa_end_cleanup@@CXXABI_1.3
                0x0001e4d8                std::ios_base::ios_base()@@GLIBCXX_3.4
                0x0001e4e4                std::locale::~locale()@@GLIBCXX_3.4
                0x0001e4f0                Pa_StartStream
                0x0001e4fc                Snmp_pp::Oid::operator=(char const*)
                0x0001e508                std::basic_ostream<char, std::char_traits<char> >& std::endl<char, std::char_traits<char> >(std::basic_ostream<char, std::char_traits<char> >&)@@GLIBCXX_3.4
                0x0001e514                Agentpp::ThreadManager::start_synch()
                0x0001e520                std::ios_base::Init::Init()@@GLIBCXX_3.4
                0x0001e52c                Agentpp::OidxPtrEntryPtrAVLMap::leftmost() const
                0x0001e538                Agentpp::LockRequest::~LockRequest()
                0x0001e544                std::__basic_file<char>::is_open() const@@GLIBCXX_3.4
                0x0001e550                __aeabi_ldivmod@@GCC_3.5
                0x0001e55c                Snmp_pp::Snmp::get_bulk(Snmp_pp::Pdu&, Snmp_pp::SnmpTarget&, int, int)
                0x0001e568                pthread_create@@GLIBC_2.4
                0x0001e574                Snmp_pp::Vb::free_vb()
                0x0001e580                Snmp_pp::Snmp::send_raw_data(unsigned char*, unsigned int, Snmp_pp::UdpAddress&, int)
                0x0001e58c                abort@@GLIBC_2.4
                0x0001e598                Agentpp::ThreadManager::end_synch()
                0x0001e5a4                strtol@@GLIBC_2.4
                0x0001e5b0                std::__cxx11::basic_stringbuf<char, std::char_traits<char>, std::allocator<char> >::_M_sync(char*, unsigned int, unsigned int)@@GLIBCXX_3.4.21
                0x0001e5bc                std::_Rb_tree_insert_and_rebalance(bool, std::_Rb_tree_node_base*, std::_Rb_tree_node_base*, std::_Rb_tree_node_base&)@@GLIBCXX_3.4
                0x0001e5c8                pthread_cond_timedwait@@GLIBC_2.4
                0x0001e5d4                exit@@GLIBC_2.4
                0x0001e5e0                Agentpp::NotificationOriginator::~NotificationOriginator()
                0x0001e5ec                inet_ntoa@@GLIBC_2.4
                0x0001e5f8                Snmp_pp::Oid::get_printable(unsigned long, unsigned long, char*&) const
                0x0001e604                Snmp_pp::Oid::StrToOid(char const*, Snmp_pp::SmiOID*) const
                0x0001e610                Agentpp::MibEntry::save_to_file(char const*)
                0x0001e61c                Snmp_pp::Snmp::socket_startup()
                0x0001e628                std::__throw_bad_function_call()@@GLIBCXX_3.4.14
                0x0001e634                cabs@@GLIBC_2.4
                0x0001e640                Agentpp::MibEntry::operator>(Agentpp::MibEntry const&) const
                0x0001e64c                std::basic_ios<char, std::char_traits<char> >::clear(std::_Ios_Iostate)@@GLIBCXX_3.4
                0x0001e658                Agentpp::RequestList::set_write_community(Snmp_pp::OctetStr const&)
                0x0001e664                calloc@@GLIBC_2.4
                0x0001e670                std::terminate()@@GLIBCXX_3.4
                0x0001e67c                std::__cxx11::basic_string<char, std::char_traits<char>, std::allocator<char> >::_M_assign(std::__cxx11::basic_string<char, std::char_traits<char>, std::allocator<char> > const&)@@GLIBCXX_3.4.21
                0x0001e688                realloc@@GLIBC_2.4
                0x0001e694                Pa_Terminate
                0x0001e6a0                Snmp_pp::Snmp::report(Snmp_pp::Pdu&, Snmp_pp::SnmpTarget&)
                0x0001e6ac                fgets@@GLIBC_2.4
                0x0001e6b8                Agentpp::MibComplexEntry::~MibComplexEntry()
                0x0001e6c4                sincos@@GLIBC_2.4
                0x0001e6d0                std::time_put<char, std::ostreambuf_iterator<char, std::char_traits<char> > > const& std::use_facet<std::time_put<char, std::ostreambuf_iterator<char, std::char_traits<char> > > >(std::locale const&)@@GLIBCXX_3.4
                0x0001e6dc                pthread_mutex_unlock@@GLIBC_2.4
                0x0001e6e8                std::__cxx11::basic_string<char, std::char_traits<char>, std::allocator<char> >::_M_erase(unsigned int, unsigned int)@@GLIBCXX_3.4.21
                0x0001e6f4                Agentpp::MibEntry::operator<(Agentpp::MibEntry const&) const
                0x0001e700                Agentpp::MibComplexEntry::MibComplexEntry(Agentpp::Oidx const&, Agentpp::mib_access)
                0x0001e70c                std::time_put<char, std::ostreambuf_iterator<char, std::char_traits<char> > >::put(std::ostreambuf_iterator<char, std::char_traits<char> >, std::ios_base&, char, tm const*, char const*, char const*) const@@GLIBCXX_3.4
                0x0001e718                Snmp_pp::Snmp::get_next(Snmp_pp::Pdu&, Snmp_pp::SnmpTarget&, void (*)(int, Snmp_pp::Snmp*, Snmp_pp::Pdu&, Snmp_pp::SnmpTarget&, void*), void const*)
                0x0001e724                ioctl@@GLIBC_2.4
                0x0001e730                pow@@GLIBC_2.4
                0x0001e73c                Pa_GetDeviceInfo
                0x0001e748                Snmp_pp::Snmp::notify_register(Snmp_pp::SnmpCollection<Snmp_pp::Oid> const&, Snmp_pp::SnmpCollection<Snmp_pp::SnmpTarget> const&, void (*)(int, Snmp_pp::Snmp*, Snmp_pp::Pdu&, Snmp_pp::SnmpTarget&, void*), void const*)
                0x0001e754                Snmp_pp::Snmp::trap(Snmp_pp::Pdu&, Snmp_pp::SnmpTarget const&)
                0x0001e760                std::ostream& std::ostream::_M_insert<long long>(long long)@@GLIBCXX_3.4.9

.iplt           0x0001e76c        0x0
 *(.iplt)
 .iplt          0x0001e76c        0x0 /usr/lib/gcc/arm-linux-gnueabihf/8/../../../arm-linux-gnueabihf/crt1.o

.text           0x0001e770    0x1f9cc
 *(.text.unlikely .text.*_unlikely .text.unlikely.*)
 *(.text.exit .text.exit.*)
 *(.text.startup .text.startup.*)
 .text.startup  0x0001e770      0x1bc obj/Release/external/log/src/log.o
 .text.startup  0x0001e92c      0x1fc obj/Release/src/agentthread.o
 .text.startup  0x0001eb28       0x30 obj/Release/src/compi.o
 .text.startup  0x0001eb58       0x30 obj/Release/src/hash.o
 .text.startup  0x0001eb88       0x30 obj/Release/src/inimanager.o
 .text.startup  0x0001ebb8       0x30 obj/Release/src/inisection.o
 .text.startup  0x0001ebe8       0x30 obj/Release/src/logtofile.o
 .text.startup  0x0001ec18      0x164 obj/Release/src/main.o
                0x0001ec18                main
 .text.startup  0x0001ed7c       0x30 obj/Release/src/mibwritabletable.o
 .text.startup  0x0001edac       0x30 obj/Release/src/recorder.o
 .text.startup  0x0001eddc       0x30 obj/Release/src/utils.o
 *(.text.hot .text.hot.*)
 *(.text .stub .text.* .gnu.linkonce.t.*)
 .text          0x0001ee0c       0x3c /usr/lib/gcc/arm-linux-gnueabihf/8/../../../arm-linux-gnueabihf/crt1.o
                0x0001ee0c                _start
 .text          0x0001ee48       0x24 /usr/lib/gcc/arm-linux-gnueabihf/8/../../../arm-linux-gnueabihf/crti.o
 .text          0x0001ee6c       0x90 /usr/lib/gcc/arm-linux-gnueabihf/8/crtbegin.o
 *fill*         0x0001eefc        0x4 
 .text          0x0001ef00      0xd10 obj/Release/external/kissfft/kiss_fft.o
                0x0001f6c4                kiss_fft_alloc
                0x0001fa58                kiss_fft_stride
                0x0001fb6c                kiss_fft
                0x0001fb74                kiss_fft_cleanup
                0x0001fb78                kiss_fft_next_fast_size
 .text          0x0001fc10      0x2e8 obj/Release/external/kissfft/tools/kiss_fftnd.o
                0x0001fc10                kiss_fftnd_alloc
                0x0001fdec                kiss_fftnd
 .text          0x0001fef8      0x3dc obj/Release/external/kissfft/tools/kiss_fftndr.o
                0x0001fef8                kiss_fftndr_alloc
                0x0002006c                kiss_fftndr
                0x000201a4                kiss_fftndri
 *fill*         0x000202d4        0x4 
 .text          0x000202d8      0x42c obj/Release/external/kissfft/tools/kiss_fftr.o
                0x000202d8                kiss_fftr_alloc
                0x00020474                kiss_fftr
                0x000205cc                kiss_fftri
 *fill*         0x00020704        0x4 
 .text          0x00020708      0xfc8 obj/Release/external/log/src/log.o
                0x0002073c                pml::LogOutput::SetOutputLevel(pml::Log::enumLevel)
                0x00020744                pml::LogOutput::GetOutputLevel() const
                0x0002074c                pml::Log::flush()
                0x0002081c                pml::Log::SetOutputLevel(unsigned int, pml::Log::enumLevel)
                0x0002086c                pml::Log::SetOutputLevel(pml::Log::enumLevel)
                0x0002089c                pml::Log::operator<<(std::ostream& (*)(std::ostream&))
                0x000208dc                pml::Log::operator<<(std::ios_base& (*)(std::ios_base&))
                0x000208f4                pml::Log::operator()(pml::Log::enumLevel)
                0x000208fc                pml::Log::SetLevel(pml::Log::enumLevel)
                0x00020904                pml::Log::Get(pml::Log::enumLevel)
                0x00020b6c                pml::Log::Log()
                0x00020b6c                pml::Log::Log()
                0x00020d40                pml::LogOutput::Timestamp[abi:cxx11]()
                0x00021224                pml::LogOutput::Flush(pml::Log::enumLevel, std::__cxx11::basic_stringstream<char, std::char_traits<char>, std::allocator<char> > const&)
                0x000214b8                pml::Log::RemoveOutput(unsigned int)
                0x00021634                pml::Log::AddOutput(std::unique_ptr<pml::LogOutput, std::default_delete<pml::LogOutput> >)
 .text._ZNKSt5ctypeIcE8do_widenEc
                0x000216d0        0x8 obj/Release/external/log/src/log.o
                0x000216d0                std::ctype<char>::do_widen(char) const
 .text._ZN3pml9LogOutputD2Ev
                0x000216d8        0x4 obj/Release/external/log/src/log.o
                0x000216d8                pml::LogOutput::~LogOutput()
                0x000216d8                pml::LogOutput::~LogOutput()
 .text._ZN3pml9LogOutputD0Ev
                0x000216dc       0x18 obj/Release/external/log/src/log.o
                0x000216dc                pml::LogOutput::~LogOutput()
 .text._ZNSt7__cxx1115basic_stringbufIcSt11char_traitsIcESaIcEED2Ev
                0x000216f4       0x44 obj/Release/external/log/src/log.o
                0x000216f4                std::__cxx11::basic_stringbuf<char, std::char_traits<char>, std::allocator<char> >::~basic_stringbuf()
                0x000216f4                std::__cxx11::basic_stringbuf<char, std::char_traits<char>, std::allocator<char> >::~basic_stringbuf()
 .text._ZNSt7__cxx1115basic_stringbufIcSt11char_traitsIcESaIcEED0Ev
                0x00021738       0x50 obj/Release/external/log/src/log.o
                0x00021738                std::__cxx11::basic_stringbuf<char, std::char_traits<char>, std::allocator<char> >::~basic_stringbuf()
 .text._ZStlsIcSt11char_traitsIcEERSt13basic_ostreamIT_T0_ES6_St9_Put_timeIS3_E
                0x00021788      0x26c obj/Release/external/log/src/log.o
                0x00021788                std::basic_ostream<char, std::char_traits<char> >& std::operator<< <char, std::char_traits<char> >(std::basic_ostream<char, std::char_traits<char> >&, std::_Put_time<char>)
 .text._ZNSt8_Rb_treeIjSt4pairIKjSt10unique_ptrIN3pml9LogOutputESt14default_deleteIS4_EEESt10_Select1stIS8_ESt4lessIjESaIS8_EE8_M_eraseEPSt13_Rb_tree_nodeIS8_E
                0x000219f4       0x6c obj/Release/external/log/src/log.o
                0x000219f4                std::_Rb_tree<unsigned int, std::pair<unsigned int const, std::unique_ptr<pml::LogOutput, std::default_delete<pml::LogOutput> > >, std::_Select1st<std::pair<unsigned int const, std::unique_ptr<pml::LogOutput, std::default_delete<pml::LogOutput> > > >, std::less<unsigned int>, std::allocator<std::pair<unsigned int const, std::unique_ptr<pml::LogOutput, std::default_delete<pml::LogOutput> > > > >::_M_erase(std::_Rb_tree_node<std::pair<unsigned int const, std::unique_ptr<pml::LogOutput, std::default_delete<pml::LogOutput> > > >*)
 .text._ZN3pml3LogD2Ev
                0x00021a60       0xcc obj/Release/external/log/src/log.o
                0x00021a60                pml::Log::~Log()
                0x00021a60                pml::Log::~Log()
 .text._ZNSt8_Rb_treeIjSt4pairIKjSt10unique_ptrIN3pml9LogOutputESt14default_deleteIS4_EEESt10_Select1stIS8_ESt4lessIjESaIS8_EE17_M_emplace_uniqueIJS0_IjS7_EEEES0_ISt17_Rb_tree_iteratorIS8_EbEDpOT_
                0x00021b2c      0x15c obj/Release/external/log/src/log.o
                0x00021b2c                std::pair<std::_Rb_tree_iterator<std::pair<unsigned int const, std::unique_ptr<pml::LogOutput, std::default_delete<pml::LogOutput> > > >, bool> std::_Rb_tree<unsigned int, std::pair<unsigned int const, std::unique_ptr<pml::LogOutput, std::default_delete<pml::LogOutput> > >, std::_Select1st<std::pair<unsigned int const, std::unique_ptr<pml::LogOutput, std::default_delete<pml::LogOutput> > > >, std::less<unsigned int>, std::allocator<std::pair<unsigned int const, std::unique_ptr<pml::LogOutput, std::default_delete<pml::LogOutput> > > > >::_M_emplace_unique<std::pair<unsigned int, std::unique_ptr<pml::LogOutput, std::default_delete<pml::LogOutput> > > >(std::pair<unsigned int, std::unique_ptr<pml::LogOutput, std::default_delete<pml::LogOutput> > >&&)
 .text          0x00021c88      0x8c0 obj/Release/external/phash/audiophash.o
                0x00021c88                ph_audiohash(float*, int, int, int&)
                0x000221b0                ph_bitcount(unsigned int)
                0x00022208                ph_compare_blocks(unsigned int const*, unsigned int const*, int)
                0x000222d0                ph_audio_distance_ber(unsigned int*, int, unsigned int*, int, float, int, int&)
 .text          0x00022548      0x288 obj/Release/external/phash/ph_fft.o
                0x00022548                fft_calc(int, double const*, std::complex<double>*, std::complex<double>*, int, std::complex<double> const*)
                0x00022680                fft(double*, int, std::complex<double>*)
 .text          0x000227d0     0x2a8c obj/Release/src/agentthread.o
                0x000227d0                AgentThread::ThreadLoop()
                0x00022870                AgentThread::~AgentThread()
                0x00022870                AgentThread::~AgentThread()
                0x0002291c                AgentThread::RemoveTrapDestination(std::__cxx11::basic_string<char, std::char_traits<char>, std::allocator<char> > const&)
                0x00022c30                AgentThread::Init(std::function<bool (Snmp_pp::SnmpSyntax*, int)>, std::function<bool (Snmp_pp::SnmpSyntax*, int)>, unsigned int)
                0x00023518                AgentThread::AddTrapDestination(std::__cxx11::basic_string<char, std::char_traits<char>, std::allocator<char> > const&)
                0x00023764                AgentThread::AgentThread(int, int, std::__cxx11::basic_string<char, std::char_traits<char>, std::allocator<char> > const&, std::__cxx11::basic_string<char, std::char_traits<char>, std::allocator<char> > const&)
                0x00023764                AgentThread::AgentThread(int, int, std::__cxx11::basic_string<char, std::char_traits<char>, std::allocator<char> > const&, std::__cxx11::basic_string<char, std::char_traits<char>, std::allocator<char> > const&)
                0x00023a98                AgentThread::InitTraps()
                0x000240a4                AgentThread::Run()
                0x00024198                AgentThread::SendTrap(int, std::__cxx11::basic_string<char, std::char_traits<char>, std::allocator<char> > const&)
                0x0002492c                AgentThread::AudioChanged(int)
                0x00024adc                AgentThread::OverallChanged(bool)
                0x00024c90                AgentThread::ComparisonChanged(bool)
                0x00024e6c                AgentThread::SilenceChanged(bool, int)
                0x00025098                AgentThread::DelayChanged(std::chrono::duration<long long, std::ratio<1ll, 1000ll> >)
 .text._ZNK7Snmp_pp3Oid10get_syntaxEv
                0x0002525c        0x8 obj/Release/src/agentthread.o
                0x0002525c                Snmp_pp::Oid::get_syntax() const
 .text._ZNK7Snmp_pp3Oid5validEv
                0x00025264       0x10 obj/Release/src/agentthread.o
                0x00025264                Snmp_pp::Oid::valid() const
 .text._ZN7Agentpp11RequestList8set_snmpEPNS_5SnmpxE
                0x00025274        0x8 obj/Release/src/agentthread.o
                0x00025274                Agentpp::RequestList::set_snmp(Agentpp::Snmpx*)
 .text._ZNSt6thread11_State_implINS_8_InvokerISt5tupleIJM11AgentThreadFvvEPS3_EEEEE6_M_runEv
                0x0002527c       0x20 obj/Release/src/agentthread.o
                0x0002527c                std::thread::_State_impl<std::thread::_Invoker<std::tuple<void (AgentThread::*)(), AgentThread*> > >::_M_run()
 .text._ZNK7Snmp_pp3Oid7OidCopyEPNS_6SmiOIDES2_
                0x0002529c       0x3c obj/Release/src/agentthread.o
                0x0002529c                Snmp_pp::Oid::OidCopy(Snmp_pp::SmiOID*, Snmp_pp::SmiOID*) const
 .text._ZN7Agentpp4OidxaSEm
                0x000252d8       0x44 obj/Release/src/agentthread.o
                0x000252d8                Agentpp::Oidx::operator=(unsigned long)
 .text._ZN7Snmp_pp3Oid5clearEv
                0x0002531c       0x34 obj/Release/src/agentthread.o
                0x0002531c                Snmp_pp::Oid::clear()
 .text._ZN7Agentpp12MibConfigBER5cloneEv
                0x00025350       0x1c obj/Release/src/agentthread.o
                0x00025350                Agentpp::MibConfigBER::clone()
 .text._ZNK7Snmp_pp3Oid13get_printableEv
                0x0002536c       0x10 obj/Release/src/agentthread.o
                0x0002536c                Snmp_pp::Oid::get_printable() const
 .text._ZN7Agentpp21OidxPtrEntryPtrAVLMap8contentsEPv
                0x0002537c       0x28 obj/Release/src/agentthread.o
                0x0002537c                Agentpp::OidxPtrEntryPtrAVLMap::contents(void*)
 .text._ZNK7Agentpp21OidxPtrEntryPtrAVLMap3keyEPv
                0x000253a4       0x28 obj/Release/src/agentthread.o
                0x000253a4                Agentpp::OidxPtrEntryPtrAVLMap::key(void*) const
 .text._ZNK7Agentpp21OidxPtrEntryPtrAVLMap4nextERPv
                0x000253cc       0x24 obj/Release/src/agentthread.o
                0x000253cc                Agentpp::OidxPtrEntryPtrAVLMap::next(void*&) const
 .text._ZNK7Agentpp21OidxPtrEntryPtrAVLMap5firstEv
                0x000253f0        0x4 obj/Release/src/agentthread.o
                0x000253f0                Agentpp::OidxPtrEntryPtrAVLMap::first() const
 .text._ZN7Agentpp21OidxPtrEntryPtrAVLMap5clearEv
                0x000253f4       0x20 obj/Release/src/agentthread.o
                0x000253f4                Agentpp::OidxPtrEntryPtrAVLMap::clear()
 .text._ZN7Agentpp21OidxPtrEntryPtrAVLMapD0Ev
                0x00025414       0x30 obj/Release/src/agentthread.o
                0x00025414                Agentpp::OidxPtrEntryPtrAVLMap::~OidxPtrEntryPtrAVLMap()
 .text._ZN7Agentpp5SnmpxD2Ev
                0x00025444       0x20 obj/Release/src/agentthread.o
                0x00025444                Agentpp::Snmpx::~Snmpx()
                0x00025444                Agentpp::Snmpx::~Snmpx()
 .text._ZN7Agentpp5SnmpxD0Ev
                0x00025464       0x2c obj/Release/src/agentthread.o
                0x00025464                Agentpp::Snmpx::~Snmpx()
 .text._ZNSt6thread11_State_implINS_8_InvokerISt5tupleIJM11AgentThreadFvvEPS3_EEEEED2Ev
                0x00025490       0x20 obj/Release/src/agentthread.o
                0x00025490                std::thread::_State_impl<std::thread::_Invoker<std::tuple<void (AgentThread::*)(), AgentThread*> > >::~_State_impl()
                0x00025490                std::thread::_State_impl<std::thread::_Invoker<std::tuple<void (AgentThread::*)(), AgentThread*> > >::~_State_impl()
 .text._ZNSt6thread11_State_implINS_8_InvokerISt5tupleIJM11AgentThreadFvvEPS3_EEEEED0Ev
                0x000254b0       0x2c obj/Release/src/agentthread.o
                0x000254b0                std::thread::_State_impl<std::thread::_Invoker<std::tuple<void (AgentThread::*)(), AgentThread*> > >::~_State_impl()
 .text._ZN7Snmp_pp3OidaSERKS0_
                0x000254dc       0xb4 obj/Release/src/agentthread.o
                0x000254dc                Snmp_pp::Oid::operator=(Snmp_pp::Oid const&)
 .text._ZNK7Snmp_pp3Oid5cloneEv
                0x00025590       0x9c obj/Release/src/agentthread.o
                0x00025590                Snmp_pp::Oid::clone() const
 .text._ZN7Snmp_pp3OidD2Ev
                0x0002562c       0x64 obj/Release/src/agentthread.o
                0x0002562c                Snmp_pp::Oid::~Oid()
                0x0002562c                Snmp_pp::Oid::~Oid()
 .text._ZN7Agentpp4OidxD2Ev
                0x00025690       0x20 obj/Release/src/agentthread.o
                0x00025690                Agentpp::Oidx::~Oidx()
                0x00025690                Agentpp::Oidx::~Oidx()
 .text._ZN7Agentpp4OidxD0Ev
                0x000256b0       0x2c obj/Release/src/agentthread.o
                0x000256b0                Agentpp::Oidx::~Oidx()
 .text._ZN7Snmp_pp12snmpTrapsOidD2Ev
                0x000256dc       0x20 obj/Release/src/agentthread.o
                0x000256dc                Snmp_pp::snmpTrapsOid::~snmpTrapsOid()
                0x000256dc                Snmp_pp::snmpTrapsOid::~snmpTrapsOid()
 .text._ZN7Snmp_pp12snmpTrapsOidD0Ev
                0x000256fc       0x2c obj/Release/src/agentthread.o
                0x000256fc                Snmp_pp::snmpTrapsOid::~snmpTrapsOid()
 .text._ZN7Snmp_pp12coldStartOidD2Ev
                0x00025728       0x20 obj/Release/src/agentthread.o
                0x00025728                Snmp_pp::coldStartOid::~coldStartOid()
                0x00025728                Snmp_pp::coldStartOid::~coldStartOid()
 .text._ZN7Snmp_pp12coldStartOidD0Ev
                0x00025748       0x2c obj/Release/src/agentthread.o
                0x00025748                Snmp_pp::coldStartOid::~coldStartOid()
 .text._ZN7Snmp_pp3OidD0Ev
                0x00025774       0x20 obj/Release/src/agentthread.o
                0x00025774                Snmp_pp::Oid::~Oid()
 .text._ZNK7Snmp_pp3Oid8nCompareERKS0_
                0x00025794       0xe8 obj/Release/src/agentthread.o
                0x00025794                Snmp_pp::Oid::nCompare(Snmp_pp::Oid const&) const
 .text._ZNK7Snmp_pp9SnmpInt325cloneEv
                0x0002587c       0x48 obj/Release/src/agentthread.o
                0x0002587c                Snmp_pp::SnmpInt32::clone() const
 .text._ZN7Agentpp21OidxPtrEntryPtrAVLMapD2Ev
                0x000258c4       0x24 obj/Release/src/agentthread.o
                0x000258c4                Agentpp::OidxPtrEntryPtrAVLMap::~OidxPtrEntryPtrAVLMap()
                0x000258c4                Agentpp::OidxPtrEntryPtrAVLMap::~OidxPtrEntryPtrAVLMap()
 .text._ZN7Agentpp5ArrayINS_6ThreadEE8addFirstEPS1_
                0x000258e8       0x68 obj/Release/src/agentthread.o
                0x000258e8                Agentpp::Array<Agentpp::Thread>::addFirst(Agentpp::Thread*)
 .text._ZN7Agentpp5ArrayINS_6ThreadEE7addLastEPS1_
                0x00025950       0x60 obj/Release/src/agentthread.o
                0x00025950                Agentpp::Array<Agentpp::Thread>::addLast(Agentpp::Thread*)
 .text._ZN7Agentpp5ArrayINS_6ThreadEE3addEPS1_
                0x000259b0       0x60 obj/Release/src/agentthread.o
                0x000259b0                Agentpp::Array<Agentpp::Thread>::add(Agentpp::Thread*)
 .text._ZN7Agentpp5ArrayINS_6ThreadEE12insertBeforeEPS1_S3_
                0x00025a10      0x11c obj/Release/src/agentthread.o
                0x00025a10                Agentpp::Array<Agentpp::Thread>::insertBefore(Agentpp::Thread*, Agentpp::Thread*)
 .text._ZN7Agentpp5ArrayINS_6ThreadEE11insertAfterEPS1_S3_
                0x00025b2c       0xe4 obj/Release/src/agentthread.o
                0x00025b2c                Agentpp::Array<Agentpp::Thread>::insertAfter(Agentpp::Thread*, Agentpp::Thread*)
 .text._ZN7Agentpp5ArrayINS_6ThreadEE11removeFirstEv
                0x00025c10       0x68 obj/Release/src/agentthread.o
                0x00025c10                Agentpp::Array<Agentpp::Thread>::removeFirst()
 .text._ZN7Agentpp5ArrayINS_6ThreadEE10removeLastEv
                0x00025c78       0x20 obj/Release/src/agentthread.o
                0x00025c78                Agentpp::Array<Agentpp::Thread>::removeLast()
 .text._ZN7Agentpp5ArrayINS_6ThreadEE8clearAllEv
                0x00025c98       0x68 obj/Release/src/agentthread.o
                0x00025c98                Agentpp::Array<Agentpp::Thread>::clearAll()
 .text._ZN7Agentpp5ArrayINS_6ThreadEE5clearEv
                0x00025d00       0x28 obj/Release/src/agentthread.o
                0x00025d00                Agentpp::Array<Agentpp::Thread>::clear()
 .text._ZN7Agentpp5ArrayINS_6ThreadEE5clearEi
                0x00025d28       0x10 obj/Release/src/agentthread.o
                0x00025d28                Agentpp::Array<Agentpp::Thread>::clear(int)
 .text._ZN7Agentpp5ArrayINS_6ThreadEE6removeEPS1_
                0x00025d38      0x104 obj/Release/src/agentthread.o
                0x00025d38                Agentpp::Array<Agentpp::Thread>::remove(Agentpp::Thread*)
 .text._ZN7Agentpp5ArrayINS_6ThreadEE6removeEj
                0x00025e3c       0xd0 obj/Release/src/agentthread.o
                0x00025e3c                Agentpp::Array<Agentpp::Thread>::remove(unsigned int)
 .text._ZNK7Agentpp5ArrayINS_6ThreadEE6getNthEi
                0x00025f0c       0x28 obj/Release/src/agentthread.o
                0x00025f0c                Agentpp::Array<Agentpp::Thread>::getNth(int) const
 .text._ZNK7Agentpp5ArrayINS_6ThreadEE5indexEPS1_
                0x00025f34       0x4c obj/Release/src/agentthread.o
                0x00025f34                Agentpp::Array<Agentpp::Thread>::index(Agentpp::Thread*) const
 .text._ZNK7Agentpp5ArrayINS_6ThreadEE5firstEv
                0x00025f80       0x18 obj/Release/src/agentthread.o
                0x00025f80                Agentpp::Array<Agentpp::Thread>::first() const
 .text._ZNK7Agentpp5ArrayINS_6ThreadEE4lastEv
                0x00025f98       0x1c obj/Release/src/agentthread.o
                0x00025f98                Agentpp::Array<Agentpp::Thread>::last() const
 .text._ZN7Agentpp5ArrayINS_6ThreadEE12overwriteNthEiPS1_
                0x00025fb4       0x60 obj/Release/src/agentthread.o
                0x00025fb4                Agentpp::Array<Agentpp::Thread>::overwriteNth(int, Agentpp::Thread*)
 .text._ZNK7Agentpp5ArrayINS_6ThreadEEixEi
                0x00026014        0xc obj/Release/src/agentthread.o
                0x00026014                Agentpp::Array<Agentpp::Thread>::operator[](int) const
 .text._ZN7Agentpp5ArrayINS_6ThreadEE4trimEi
                0x00026020       0x8c obj/Release/src/agentthread.o
                0x00026020                Agentpp::Array<Agentpp::Thread>::trim(int)
 .text._ZNK7Agentpp5ArrayINS_6ThreadEE4sizeEv
                0x000260ac        0x8 obj/Release/src/agentthread.o
                0x000260ac                Agentpp::Array<Agentpp::Thread>::size() const
 .text._ZNK7Agentpp5ArrayINS_6ThreadEE5emptyEv
                0x000260b4       0x10 obj/Release/src/agentthread.o
                0x000260b4                Agentpp::Array<Agentpp::Thread>::empty() const
 .text._ZN7Agentpp5ArrayINS_6ThreadEE5cloneEv
                0x000260c4       0xb0 obj/Release/src/agentthread.o
                0x000260c4                Agentpp::Array<Agentpp::Thread>::clone()
 .text._ZN7Agentpp5ArrayINS_6ThreadEEaSERKS2_
                0x00026174       0xf8 obj/Release/src/agentthread.o
                0x00026174                Agentpp::Array<Agentpp::Thread>::operator=(Agentpp::Array<Agentpp::Thread> const&)
 .text._ZN7Agentpp5ArrayINS_6ThreadEEC2Ev
                0x0002626c       0x10 obj/Release/src/agentthread.o
                0x0002626c                Agentpp::Array<Agentpp::Thread>::Array()
                0x0002626c                Agentpp::Array<Agentpp::Thread>::Array()
 .text._ZN7Agentpp5ArrayINS_6ThreadEED2Ev
                0x0002627c       0x60 obj/Release/src/agentthread.o
                0x0002627c                Agentpp::Array<Agentpp::Thread>::~Array()
                0x0002627c                Agentpp::Array<Agentpp::Thread>::~Array()
 .text._ZN7Agentpp5ArrayINS_11TaskManagerEE8addFirstEPS1_
                0x000262dc       0x68 obj/Release/src/agentthread.o
                0x000262dc                Agentpp::Array<Agentpp::TaskManager>::addFirst(Agentpp::TaskManager*)
 .text._ZN7Agentpp5ArrayINS_11TaskManagerEE7addLastEPS1_
                0x00026344       0x60 obj/Release/src/agentthread.o
                0x00026344                Agentpp::Array<Agentpp::TaskManager>::addLast(Agentpp::TaskManager*)
 .text._ZN7Agentpp5ArrayINS_11TaskManagerEE3addEPS1_
                0x000263a4       0x60 obj/Release/src/agentthread.o
                0x000263a4                Agentpp::Array<Agentpp::TaskManager>::add(Agentpp::TaskManager*)
 .text._ZN7Agentpp5ArrayINS_11TaskManagerEE12insertBeforeEPS1_S3_
                0x00026404      0x11c obj/Release/src/agentthread.o
                0x00026404                Agentpp::Array<Agentpp::TaskManager>::insertBefore(Agentpp::TaskManager*, Agentpp::TaskManager*)
 .text._ZN7Agentpp5ArrayINS_11TaskManagerEE11insertAfterEPS1_S3_
                0x00026520       0xe4 obj/Release/src/agentthread.o
                0x00026520                Agentpp::Array<Agentpp::TaskManager>::insertAfter(Agentpp::TaskManager*, Agentpp::TaskManager*)
 .text._ZN7Agentpp5ArrayINS_11TaskManagerEE11removeFirstEv
                0x00026604       0x68 obj/Release/src/agentthread.o
                0x00026604                Agentpp::Array<Agentpp::TaskManager>::removeFirst()
 .text._ZN7Agentpp5ArrayINS_11TaskManagerEE10removeLastEv
                0x0002666c       0x20 obj/Release/src/agentthread.o
                0x0002666c                Agentpp::Array<Agentpp::TaskManager>::removeLast()
 .text._ZN7Agentpp5ArrayINS_11TaskManagerEE8clearAllEv
                0x0002668c       0x68 obj/Release/src/agentthread.o
                0x0002668c                Agentpp::Array<Agentpp::TaskManager>::clearAll()
 .text._ZN7Agentpp5ArrayINS_11TaskManagerEE5clearEv
                0x000266f4       0x28 obj/Release/src/agentthread.o
                0x000266f4                Agentpp::Array<Agentpp::TaskManager>::clear()
 .text._ZN7Agentpp5ArrayINS_11TaskManagerEE5clearEi
                0x0002671c       0x10 obj/Release/src/agentthread.o
                0x0002671c                Agentpp::Array<Agentpp::TaskManager>::clear(int)
 .text._ZN7Agentpp5ArrayINS_11TaskManagerEE6removeEPS1_
                0x0002672c      0x104 obj/Release/src/agentthread.o
                0x0002672c                Agentpp::Array<Agentpp::TaskManager>::remove(Agentpp::TaskManager*)
 .text._ZN7Agentpp5ArrayINS_11TaskManagerEE6removeEj
                0x00026830       0xd0 obj/Release/src/agentthread.o
                0x00026830                Agentpp::Array<Agentpp::TaskManager>::remove(unsigned int)
 .text._ZNK7Agentpp5ArrayINS_11TaskManagerEE6getNthEi
                0x00026900       0x28 obj/Release/src/agentthread.o
                0x00026900                Agentpp::Array<Agentpp::TaskManager>::getNth(int) const
 .text._ZNK7Agentpp5ArrayINS_11TaskManagerEE5indexEPS1_
                0x00026928       0x4c obj/Release/src/agentthread.o
                0x00026928                Agentpp::Array<Agentpp::TaskManager>::index(Agentpp::TaskManager*) const
 .text._ZNK7Agentpp5ArrayINS_11TaskManagerEE5firstEv
                0x00026974       0x18 obj/Release/src/agentthread.o
                0x00026974                Agentpp::Array<Agentpp::TaskManager>::first() const
 .text._ZNK7Agentpp5ArrayINS_11TaskManagerEE4lastEv
                0x0002698c       0x1c obj/Release/src/agentthread.o
                0x0002698c                Agentpp::Array<Agentpp::TaskManager>::last() const
 .text._ZN7Agentpp5ArrayINS_11TaskManagerEE12overwriteNthEiPS1_
                0x000269a8       0x60 obj/Release/src/agentthread.o
                0x000269a8                Agentpp::Array<Agentpp::TaskManager>::overwriteNth(int, Agentpp::TaskManager*)
 .text._ZNK7Agentpp5ArrayINS_11TaskManagerEEixEi
                0x00026a08        0xc obj/Release/src/agentthread.o
                0x00026a08                Agentpp::Array<Agentpp::TaskManager>::operator[](int) const
 .text._ZN7Agentpp5ArrayINS_11TaskManagerEE4trimEi
                0x00026a14       0x8c obj/Release/src/agentthread.o
                0x00026a14                Agentpp::Array<Agentpp::TaskManager>::trim(int)
 .text._ZNK7Agentpp5ArrayINS_11TaskManagerEE4sizeEv
                0x00026aa0        0x8 obj/Release/src/agentthread.o
                0x00026aa0                Agentpp::Array<Agentpp::TaskManager>::size() const
 .text._ZNK7Agentpp5ArrayINS_11TaskManagerEE5emptyEv
                0x00026aa8       0x10 obj/Release/src/agentthread.o
                0x00026aa8                Agentpp::Array<Agentpp::TaskManager>::empty() const
 .text._ZN7Agentpp5ArrayINS_11TaskManagerEE5cloneEv
                0x00026ab8       0xe4 obj/Release/src/agentthread.o
                0x00026ab8                Agentpp::Array<Agentpp::TaskManager>::clone()
 .text._ZN7Agentpp5ArrayINS_11TaskManagerEEaSERKS2_
                0x00026b9c      0x12c obj/Release/src/agentthread.o
                0x00026b9c                Agentpp::Array<Agentpp::TaskManager>::operator=(Agentpp::Array<Agentpp::TaskManager> const&)
 .text._ZN7Agentpp5ArrayINS_11TaskManagerEEC2Ev
                0x00026cc8       0x10 obj/Release/src/agentthread.o
                0x00026cc8                Agentpp::Array<Agentpp::TaskManager>::Array()
                0x00026cc8                Agentpp::Array<Agentpp::TaskManager>::Array()
 .text._ZN7Agentpp5ArrayINS_11TaskManagerEED2Ev
                0x00026cd8       0x60 obj/Release/src/agentthread.o
                0x00026cd8                Agentpp::Array<Agentpp::TaskManager>::~Array()
                0x00026cd8                Agentpp::Array<Agentpp::TaskManager>::~Array()
 .text._ZN7Agentpp4ListINS_8RunnableEE8addFirstEPS1_
                0x00026d38       0x40 obj/Release/src/agentthread.o
                0x00026d38                Agentpp::List<Agentpp::Runnable>::addFirst(Agentpp::Runnable*)
 .text._ZN7Agentpp4ListINS_8RunnableEE7addLastEPS1_
                0x00026d78       0x74 obj/Release/src/agentthread.o
                0x00026d78                Agentpp::List<Agentpp::Runnable>::addLast(Agentpp::Runnable*)
 .text._ZN7Agentpp4ListINS_8RunnableEE3addEPS1_
                0x00026dec       0x74 obj/Release/src/agentthread.o
                0x00026dec                Agentpp::List<Agentpp::Runnable>::add(Agentpp::Runnable*)
 .text._ZN7Agentpp4ListINS_8RunnableEE12insertBeforeEPS1_S3_
                0x00026e60       0xb4 obj/Release/src/agentthread.o
                0x00026e60                Agentpp::List<Agentpp::Runnable>::insertBefore(Agentpp::Runnable*, Agentpp::Runnable*)
 .text._ZN7Agentpp4ListINS_8RunnableEE11insertAfterEPS1_S3_
                0x00026f14       0xe0 obj/Release/src/agentthread.o
                0x00026f14                Agentpp::List<Agentpp::Runnable>::insertAfter(Agentpp::Runnable*, Agentpp::Runnable*)
 .text._ZN7Agentpp4ListINS_8RunnableEE11removeFirstEv
                0x00026ff4       0x40 obj/Release/src/agentthread.o
                0x00026ff4                Agentpp::List<Agentpp::Runnable>::removeFirst()
 .text._ZN7Agentpp4ListINS_8RunnableEE10removeLastEv
                0x00027034       0x44 obj/Release/src/agentthread.o
                0x00027034                Agentpp::List<Agentpp::Runnable>::removeLast()
 .text._ZN7Agentpp4ListINS_8RunnableEE8clearAllEv
                0x00027078       0x58 obj/Release/src/agentthread.o
                0x00027078                Agentpp::List<Agentpp::Runnable>::clearAll()
 .text._ZN7Agentpp4ListINS_8RunnableEE5clearEv
                0x000270d0       0x38 obj/Release/src/agentthread.o
                0x000270d0                Agentpp::List<Agentpp::Runnable>::clear()
 .text._ZN7Agentpp4ListINS_8RunnableEE6removeEPS1_
                0x00027108       0x80 obj/Release/src/agentthread.o
                0x00027108                Agentpp::List<Agentpp::Runnable>::remove(Agentpp::Runnable*)
 .text._ZN7Agentpp4ListINS_8RunnableEE6removeEPNS_8ListItemIS1_EE
                0x00027188       0x5c obj/Release/src/agentthread.o
                0x00027188                Agentpp::List<Agentpp::Runnable>::remove(Agentpp::ListItem<Agentpp::Runnable>*)
 .text._ZNK7Agentpp4ListINS_8RunnableEE6getNthEi
                0x000271e4       0x3c obj/Release/src/agentthread.o
                0x000271e4                Agentpp::List<Agentpp::Runnable>::getNth(int) const
 .text._ZNK7Agentpp4ListINS_8RunnableEE8positionEPS1_
                0x00027220       0x34 obj/Release/src/agentthread.o
                0x00027220                Agentpp::List<Agentpp::Runnable>::position(Agentpp::Runnable*) const
 .text._ZNK7Agentpp4ListINS_8RunnableEE5indexEPS1_
                0x00027254       0x44 obj/Release/src/agentthread.o
                0x00027254                Agentpp::List<Agentpp::Runnable>::index(Agentpp::Runnable*) const
 .text._ZNK7Agentpp4ListINS_8RunnableEE5firstEv
                0x00027298       0x10 obj/Release/src/agentthread.o
                0x00027298                Agentpp::List<Agentpp::Runnable>::first() const
 .text._ZNK7Agentpp4ListINS_8RunnableEE4lastEv
                0x000272a8       0x10 obj/Release/src/agentthread.o
                0x000272a8                Agentpp::List<Agentpp::Runnable>::last() const
 .text._ZN7Agentpp4ListINS_8RunnableEE12overwriteNthEiPS1_
                0x000272b8       0x94 obj/Release/src/agentthread.o
                0x000272b8                Agentpp::List<Agentpp::Runnable>::overwriteNth(int, Agentpp::Runnable*)
 .text._ZN7Agentpp4ListINS_8RunnableEE4trimEi
                0x0002734c       0x84 obj/Release/src/agentthread.o
                0x0002734c                Agentpp::List<Agentpp::Runnable>::trim(int)
 .text._ZNK7Agentpp4ListINS_8RunnableEE4sizeEv
                0x000273d0       0x2c obj/Release/src/agentthread.o
                0x000273d0                Agentpp::List<Agentpp::Runnable>::size() const
 .text._ZNK7Agentpp4ListINS_8RunnableEE5emptyEv
                0x000273fc       0x10 obj/Release/src/agentthread.o
                0x000273fc                Agentpp::List<Agentpp::Runnable>::empty() const
 .text._ZN7Agentpp4ListINS_8RunnableEEC2Ev
                0x0002740c       0x10 obj/Release/src/agentthread.o
                0x0002740c                Agentpp::List<Agentpp::Runnable>::List()
                0x0002740c                Agentpp::List<Agentpp::Runnable>::List()
 .text._ZN7Agentpp4ListINS_8RunnableEED2Ev
                0x0002741c       0x50 obj/Release/src/agentthread.o
                0x0002741c                Agentpp::List<Agentpp::Runnable>::~List()
                0x0002741c                Agentpp::List<Agentpp::Runnable>::~List()
 .text._ZN7Agentpp4ListINS_11LockRequestEE8addFirstEPS1_
                0x0002746c       0x40 obj/Release/src/agentthread.o
                0x0002746c                Agentpp::List<Agentpp::LockRequest>::addFirst(Agentpp::LockRequest*)
 .text._ZN7Agentpp4ListINS_11LockRequestEE7addLastEPS1_
                0x000274ac       0x74 obj/Release/src/agentthread.o
                0x000274ac                Agentpp::List<Agentpp::LockRequest>::addLast(Agentpp::LockRequest*)
 .text._ZN7Agentpp4ListINS_11LockRequestEE3addEPS1_
                0x00027520       0x74 obj/Release/src/agentthread.o
                0x00027520                Agentpp::List<Agentpp::LockRequest>::add(Agentpp::LockRequest*)
 .text._ZN7Agentpp4ListINS_11LockRequestEE12insertBeforeEPS1_S3_
                0x00027594       0xb4 obj/Release/src/agentthread.o
                0x00027594                Agentpp::List<Agentpp::LockRequest>::insertBefore(Agentpp::LockRequest*, Agentpp::LockRequest*)
 .text._ZN7Agentpp4ListINS_11LockRequestEE11insertAfterEPS1_S3_
                0x00027648       0xe0 obj/Release/src/agentthread.o
                0x00027648                Agentpp::List<Agentpp::LockRequest>::insertAfter(Agentpp::LockRequest*, Agentpp::LockRequest*)
 .text._ZN7Agentpp4ListINS_11LockRequestEE11removeFirstEv
                0x00027728       0x40 obj/Release/src/agentthread.o
                0x00027728                Agentpp::List<Agentpp::LockRequest>::removeFirst()
 .text._ZN7Agentpp4ListINS_11LockRequestEE10removeLastEv
                0x00027768       0x44 obj/Release/src/agentthread.o
                0x00027768                Agentpp::List<Agentpp::LockRequest>::removeLast()
 .text._ZN7Agentpp4ListINS_11LockRequestEE8clearAllEv
                0x000277ac       0x5c obj/Release/src/agentthread.o
                0x000277ac                Agentpp::List<Agentpp::LockRequest>::clearAll()
 .text._ZN7Agentpp4ListINS_11LockRequestEE5clearEv
                0x00027808       0x38 obj/Release/src/agentthread.o
                0x00027808                Agentpp::List<Agentpp::LockRequest>::clear()
 .text._ZN7Agentpp4ListINS_11LockRequestEE6removeEPS1_
                0x00027840       0x80 obj/Release/src/agentthread.o
                0x00027840                Agentpp::List<Agentpp::LockRequest>::remove(Agentpp::LockRequest*)
 .text._ZN7Agentpp4ListINS_11LockRequestEE6removeEPNS_8ListItemIS1_EE
                0x000278c0       0x5c obj/Release/src/agentthread.o
                0x000278c0                Agentpp::List<Agentpp::LockRequest>::remove(Agentpp::ListItem<Agentpp::LockRequest>*)
 .text._ZNK7Agentpp4ListINS_11LockRequestEE6getNthEi
                0x0002791c       0x3c obj/Release/src/agentthread.o
                0x0002791c                Agentpp::List<Agentpp::LockRequest>::getNth(int) const
 .text._ZNK7Agentpp4ListINS_11LockRequestEE8positionEPS1_
                0x00027958       0x34 obj/Release/src/agentthread.o
                0x00027958                Agentpp::List<Agentpp::LockRequest>::position(Agentpp::LockRequest*) const
 .text._ZNK7Agentpp4ListINS_11LockRequestEE5indexEPS1_
                0x0002798c       0x44 obj/Release/src/agentthread.o
                0x0002798c                Agentpp::List<Agentpp::LockRequest>::index(Agentpp::LockRequest*) const
 .text._ZNK7Agentpp4ListINS_11LockRequestEE5firstEv
                0x000279d0       0x10 obj/Release/src/agentthread.o
                0x000279d0                Agentpp::List<Agentpp::LockRequest>::first() const
 .text._ZNK7Agentpp4ListINS_11LockRequestEE4lastEv
                0x000279e0       0x10 obj/Release/src/agentthread.o
                0x000279e0                Agentpp::List<Agentpp::LockRequest>::last() const
 .text._ZN7Agentpp4ListINS_11LockRequestEE12overwriteNthEiPS1_
                0x000279f0       0x98 obj/Release/src/agentthread.o
                0x000279f0                Agentpp::List<Agentpp::LockRequest>::overwriteNth(int, Agentpp::LockRequest*)
 .text._ZN7Agentpp4ListINS_11LockRequestEE4trimEi
                0x00027a88       0x88 obj/Release/src/agentthread.o
                0x00027a88                Agentpp::List<Agentpp::LockRequest>::trim(int)
 .text._ZNK7Agentpp4ListINS_11LockRequestEE4sizeEv
                0x00027b10       0x2c obj/Release/src/agentthread.o
                0x00027b10                Agentpp::List<Agentpp::LockRequest>::size() const
 .text._ZNK7Agentpp4ListINS_11LockRequestEE5emptyEv
                0x00027b3c       0x10 obj/Release/src/agentthread.o
                0x00027b3c                Agentpp::List<Agentpp::LockRequest>::empty() const
 .text._ZN7Agentpp4ListINS_11LockRequestEEC2Ev
                0x00027b4c       0x10 obj/Release/src/agentthread.o
                0x00027b4c                Agentpp::List<Agentpp::LockRequest>::List()
                0x00027b4c                Agentpp::List<Agentpp::LockRequest>::List()
 .text._ZN7Agentpp4ListINS_11LockRequestEED2Ev
                0x00027b5c       0x54 obj/Release/src/agentthread.o
                0x00027b5c                Agentpp::List<Agentpp::LockRequest>::~List()
                0x00027b5c                Agentpp::List<Agentpp::LockRequest>::~List()
 .text._ZN7Agentpp4ListINS_8MibEntryEE8addFirstEPS1_
                0x00027bb0       0x40 obj/Release/src/agentthread.o
                0x00027bb0                Agentpp::List<Agentpp::MibEntry>::addFirst(Agentpp::MibEntry*)
 .text._ZN7Agentpp4ListINS_8MibEntryEE7addLastEPS1_
                0x00027bf0       0x74 obj/Release/src/agentthread.o
                0x00027bf0                Agentpp::List<Agentpp::MibEntry>::addLast(Agentpp::MibEntry*)
 .text._ZN7Agentpp4ListINS_8MibEntryEE3addEPS1_
                0x00027c64       0x74 obj/Release/src/agentthread.o
                0x00027c64                Agentpp::List<Agentpp::MibEntry>::add(Agentpp::MibEntry*)
 .text._ZN7Agentpp4ListINS_8MibEntryEE12insertBeforeEPS1_S3_
                0x00027cd8       0xb4 obj/Release/src/agentthread.o
                0x00027cd8                Agentpp::List<Agentpp::MibEntry>::insertBefore(Agentpp::MibEntry*, Agentpp::MibEntry*)
 .text._ZN7Agentpp4ListINS_8MibEntryEE11insertAfterEPS1_S3_
                0x00027d8c       0xe0 obj/Release/src/agentthread.o
                0x00027d8c                Agentpp::List<Agentpp::MibEntry>::insertAfter(Agentpp::MibEntry*, Agentpp::MibEntry*)
 .text._ZN7Agentpp4ListINS_8MibEntryEE11removeFirstEv
                0x00027e6c       0x40 obj/Release/src/agentthread.o
                0x00027e6c                Agentpp::List<Agentpp::MibEntry>::removeFirst()
 .text._ZN7Agentpp4ListINS_8MibEntryEE10removeLastEv
                0x00027eac       0x44 obj/Release/src/agentthread.o
                0x00027eac                Agentpp::List<Agentpp::MibEntry>::removeLast()
 .text._ZN7Agentpp4ListINS_8MibEntryEE8clearAllEv
                0x00027ef0       0x58 obj/Release/src/agentthread.o
                0x00027ef0                Agentpp::List<Agentpp::MibEntry>::clearAll()
 .text._ZN7Agentpp4ListINS_8MibEntryEE5clearEv
                0x00027f48       0x38 obj/Release/src/agentthread.o
                0x00027f48                Agentpp::List<Agentpp::MibEntry>::clear()
 .text._ZN7Agentpp4ListINS_8MibEntryEE6removeEPS1_
                0x00027f80       0x80 obj/Release/src/agentthread.o
                0x00027f80                Agentpp::List<Agentpp::MibEntry>::remove(Agentpp::MibEntry*)
 .text._ZN7Agentpp4ListINS_8MibEntryEE6removeEPNS_8ListItemIS1_EE
                0x00028000       0x5c obj/Release/src/agentthread.o
                0x00028000                Agentpp::List<Agentpp::MibEntry>::remove(Agentpp::ListItem<Agentpp::MibEntry>*)
 .text._ZNK7Agentpp4ListINS_8MibEntryEE6getNthEi
                0x0002805c       0x3c obj/Release/src/agentthread.o
                0x0002805c                Agentpp::List<Agentpp::MibEntry>::getNth(int) const
 .text._ZNK7Agentpp4ListINS_8MibEntryEE8positionEPS1_
                0x00028098       0x34 obj/Release/src/agentthread.o
                0x00028098                Agentpp::List<Agentpp::MibEntry>::position(Agentpp::MibEntry*) const
 .text._ZNK7Agentpp4ListINS_8MibEntryEE5indexEPS1_
                0x000280cc       0x44 obj/Release/src/agentthread.o
                0x000280cc                Agentpp::List<Agentpp::MibEntry>::index(Agentpp::MibEntry*) const
 .text._ZNK7Agentpp4ListINS_8MibEntryEE5firstEv
                0x00028110       0x10 obj/Release/src/agentthread.o
                0x00028110                Agentpp::List<Agentpp::MibEntry>::first() const
 .text._ZNK7Agentpp4ListINS_8MibEntryEE4lastEv
                0x00028120       0x10 obj/Release/src/agentthread.o
                0x00028120                Agentpp::List<Agentpp::MibEntry>::last() const
 .text._ZN7Agentpp4ListINS_8MibEntryEE12overwriteNthEiPS1_
                0x00028130       0x94 obj/Release/src/agentthread.o
                0x00028130                Agentpp::List<Agentpp::MibEntry>::overwriteNth(int, Agentpp::MibEntry*)
 .text._ZN7Agentpp4ListINS_8MibEntryEE4trimEi
                0x000281c4       0x84 obj/Release/src/agentthread.o
                0x000281c4                Agentpp::List<Agentpp::MibEntry>::trim(int)
 .text._ZNK7Agentpp4ListINS_8MibEntryEE4sizeEv
                0x00028248       0x2c obj/Release/src/agentthread.o
                0x00028248                Agentpp::List<Agentpp::MibEntry>::size() const
 .text._ZNK7Agentpp4ListINS_8MibEntryEE5emptyEv
                0x00028274       0x10 obj/Release/src/agentthread.o
                0x00028274                Agentpp::List<Agentpp::MibEntry>::empty() const
 .text._ZN7Agentpp4ListINS_8MibEntryEEC2Ev
                0x00028284       0x10 obj/Release/src/agentthread.o
                0x00028284                Agentpp::List<Agentpp::MibEntry>::List()
                0x00028284                Agentpp::List<Agentpp::MibEntry>::List()
 .text._ZN7Agentpp4ListINS_8MibEntryEED2Ev
                0x00028294       0x50 obj/Release/src/agentthread.o
                0x00028294                Agentpp::List<Agentpp::MibEntry>::~List()
                0x00028294                Agentpp::List<Agentpp::MibEntry>::~List()
 .text._ZN7Agentpp5ArrayINS_8MibEntryEE8addFirstEPS1_
                0x000282e4       0x68 obj/Release/src/agentthread.o
                0x000282e4                Agentpp::Array<Agentpp::MibEntry>::addFirst(Agentpp::MibEntry*)
 .text._ZN7Agentpp5ArrayINS_8MibEntryEE7addLastEPS1_
                0x0002834c       0x60 obj/Release/src/agentthread.o
                0x0002834c                Agentpp::Array<Agentpp::MibEntry>::addLast(Agentpp::MibEntry*)
 .text._ZN7Agentpp5ArrayINS_8MibEntryEE3addEPS1_
                0x000283ac       0x60 obj/Release/src/agentthread.o
                0x000283ac                Agentpp::Array<Agentpp::MibEntry>::add(Agentpp::MibEntry*)
 .text._ZN7Agentpp5ArrayINS_8MibEntryEE12insertBeforeEPS1_S3_
                0x0002840c      0x11c obj/Release/src/agentthread.o
                0x0002840c                Agentpp::Array<Agentpp::MibEntry>::insertBefore(Agentpp::MibEntry*, Agentpp::MibEntry*)
 .text._ZN7Agentpp5ArrayINS_8MibEntryEE11insertAfterEPS1_S3_
                0x00028528       0xe4 obj/Release/src/agentthread.o
                0x00028528                Agentpp::Array<Agentpp::MibEntry>::insertAfter(Agentpp::MibEntry*, Agentpp::MibEntry*)
 .text._ZN7Agentpp5ArrayINS_8MibEntryEE11removeFirstEv
                0x0002860c       0x68 obj/Release/src/agentthread.o
                0x0002860c                Agentpp::Array<Agentpp::MibEntry>::removeFirst()
 .text._ZN7Agentpp5ArrayINS_8MibEntryEE10removeLastEv
                0x00028674       0x20 obj/Release/src/agentthread.o
                0x00028674                Agentpp::Array<Agentpp::MibEntry>::removeLast()
 .text._ZN7Agentpp5ArrayINS_8MibEntryEE8clearAllEv
                0x00028694       0x68 obj/Release/src/agentthread.o
                0x00028694                Agentpp::Array<Agentpp::MibEntry>::clearAll()
 .text._ZN7Agentpp5ArrayINS_8MibEntryEE5clearEv
                0x000286fc       0x28 obj/Release/src/agentthread.o
                0x000286fc                Agentpp::Array<Agentpp::MibEntry>::clear()
 .text._ZN7Agentpp5ArrayINS_8MibEntryEE5clearEi
                0x00028724       0x10 obj/Release/src/agentthread.o
                0x00028724                Agentpp::Array<Agentpp::MibEntry>::clear(int)
 .text._ZN7Agentpp5ArrayINS_8MibEntryEE6removeEPS1_
                0x00028734      0x104 obj/Release/src/agentthread.o
                0x00028734                Agentpp::Array<Agentpp::MibEntry>::remove(Agentpp::MibEntry*)
 .text._ZN7Agentpp5ArrayINS_8MibEntryEE6removeEj
                0x00028838       0xd0 obj/Release/src/agentthread.o
                0x00028838                Agentpp::Array<Agentpp::MibEntry>::remove(unsigned int)
 .text._ZNK7Agentpp5ArrayINS_8MibEntryEE6getNthEi
                0x00028908       0x28 obj/Release/src/agentthread.o
                0x00028908                Agentpp::Array<Agentpp::MibEntry>::getNth(int) const
 .text._ZNK7Agentpp5ArrayINS_8MibEntryEE5indexEPS1_
                0x00028930       0x4c obj/Release/src/agentthread.o
                0x00028930                Agentpp::Array<Agentpp::MibEntry>::index(Agentpp::MibEntry*) const
 .text._ZNK7Agentpp5ArrayINS_8MibEntryEE5firstEv
                0x0002897c       0x18 obj/Release/src/agentthread.o
                0x0002897c                Agentpp::Array<Agentpp::MibEntry>::first() const
 .text._ZNK7Agentpp5ArrayINS_8MibEntryEE4lastEv
                0x00028994       0x1c obj/Release/src/agentthread.o
                0x00028994                Agentpp::Array<Agentpp::MibEntry>::last() const
 .text._ZN7Agentpp5ArrayINS_8MibEntryEE12overwriteNthEiPS1_
                0x000289b0       0x60 obj/Release/src/agentthread.o
                0x000289b0                Agentpp::Array<Agentpp::MibEntry>::overwriteNth(int, Agentpp::MibEntry*)
 .text._ZNK7Agentpp5ArrayINS_8MibEntryEEixEi
                0x00028a10        0xc obj/Release/src/agentthread.o
                0x00028a10                Agentpp::Array<Agentpp::MibEntry>::operator[](int) const
 .text._ZN7Agentpp5ArrayINS_8MibEntryEE4trimEi
                0x00028a1c       0x8c obj/Release/src/agentthread.o
                0x00028a1c                Agentpp::Array<Agentpp::MibEntry>::trim(int)
 .text._ZNK7Agentpp5ArrayINS_8MibEntryEE4sizeEv
                0x00028aa8        0x8 obj/Release/src/agentthread.o
                0x00028aa8                Agentpp::Array<Agentpp::MibEntry>::size() const
 .text._ZNK7Agentpp5ArrayINS_8MibEntryEE5emptyEv
                0x00028ab0       0x10 obj/Release/src/agentthread.o
                0x00028ab0                Agentpp::Array<Agentpp::MibEntry>::empty() const
 .text._ZN7Agentpp5ArrayINS_8MibEntryEE5cloneEv
                0x00028ac0       0x94 obj/Release/src/agentthread.o
                0x00028ac0                Agentpp::Array<Agentpp::MibEntry>::clone()
 .text._ZN7Agentpp5ArrayINS_8MibEntryEEaSERKS2_
                0x00028b54       0xdc obj/Release/src/agentthread.o
                0x00028b54                Agentpp::Array<Agentpp::MibEntry>::operator=(Agentpp::Array<Agentpp::MibEntry> const&)
 .text._ZN7Agentpp5ArrayINS_8MibEntryEEC2Ev
                0x00028c30       0x10 obj/Release/src/agentthread.o
                0x00028c30                Agentpp::Array<Agentpp::MibEntry>::Array()
                0x00028c30                Agentpp::Array<Agentpp::MibEntry>::Array()
 .text._ZN7Agentpp5ArrayINS_8MibEntryEED2Ev
                0x00028c40       0x60 obj/Release/src/agentthread.o
                0x00028c40                Agentpp::Array<Agentpp::MibEntry>::~Array()
                0x00028c40                Agentpp::Array<Agentpp::MibEntry>::~Array()
 .text._ZN7Agentpp7OidListINS_8MibEntryEE3addEPS1_
                0x00028ca0       0x34 obj/Release/src/agentthread.o
                0x00028ca0                Agentpp::OidList<Agentpp::MibEntry>::add(Agentpp::MibEntry*)
 .text._ZN7Agentpp7OidListINS_8MibEntryEE6removeEPS1_
                0x00028cd4       0x30 obj/Release/src/agentthread.o
                0x00028cd4                Agentpp::OidList<Agentpp::MibEntry>::remove(Agentpp::MibEntry*)
 .text._ZN7Agentpp7OidListINS_8MibEntryEE6removeEPNS_4OidxE
                0x00028d04       0xa4 obj/Release/src/agentthread.o
                0x00028d04                Agentpp::OidList<Agentpp::MibEntry>::remove(Agentpp::Oidx*)
 .text._ZNK7Agentpp7OidListINS_8MibEntryEE4findEPNS_4OidxE
                0x00028da8       0x60 obj/Release/src/agentthread.o
                0x00028da8                Agentpp::OidList<Agentpp::MibEntry>::find(Agentpp::Oidx*) const
 .text._ZNK7Agentpp7OidListINS_8MibEntryEE10find_lowerEPNS_4OidxE
                0x00028e08      0x1cc obj/Release/src/agentthread.o
                0x00028e08                Agentpp::OidList<Agentpp::MibEntry>::find_lower(Agentpp::Oidx*) const
 .text._ZNK7Agentpp7OidListINS_8MibEntryEE10find_upperEPNS_4OidxE
                0x00028fd4      0x1fc obj/Release/src/agentthread.o
                0x00028fd4                Agentpp::OidList<Agentpp::MibEntry>::find_upper(Agentpp::Oidx*) const
 .text._ZNK7Agentpp7OidListINS_8MibEntryEE9find_nextEPNS_4OidxE
                0x000291d0       0xb4 obj/Release/src/agentthread.o
                0x000291d0                Agentpp::OidList<Agentpp::MibEntry>::find_next(Agentpp::Oidx*) const
 .text._ZNK7Agentpp7OidListINS_8MibEntryEE9find_prevEPNS_4OidxE
                0x00029284       0x70 obj/Release/src/agentthread.o
                0x00029284                Agentpp::OidList<Agentpp::MibEntry>::find_prev(Agentpp::Oidx*) const
 .text._ZNK7Agentpp7OidListINS_8MibEntryEE4seekEPNS_4OidxE
                0x000292f4       0x54 obj/Release/src/agentthread.o
                0x000292f4                Agentpp::OidList<Agentpp::MibEntry>::seek(Agentpp::Oidx*) const
 .text._ZNK7Agentpp7OidListINS_8MibEntryEE4sizeEv
                0x00029348        0xc obj/Release/src/agentthread.o
                0x00029348                Agentpp::OidList<Agentpp::MibEntry>::size() const
 .text._ZNK7Agentpp7OidListINS_8MibEntryEE5firstEv
                0x00029354       0x7c obj/Release/src/agentthread.o
                0x00029354                Agentpp::OidList<Agentpp::MibEntry>::first() const
 .text._ZNK7Agentpp7OidListINS_8MibEntryEE4lastEv
                0x000293d0       0x54 obj/Release/src/agentthread.o
                0x000293d0                Agentpp::OidList<Agentpp::MibEntry>::last() const
 .text._ZNK7Agentpp7OidListINS_8MibEntryEE6getNthEi
                0x00029424       0xfc obj/Release/src/agentthread.o
                0x00029424                Agentpp::OidList<Agentpp::MibEntry>::getNth(int) const
 .text._ZNK7Agentpp7OidListINS_8MibEntryEE5indexEPS1_
                0x00029520       0x50 obj/Release/src/agentthread.o
                0x00029520                Agentpp::OidList<Agentpp::MibEntry>::index(Agentpp::MibEntry*) const
 .text._ZNK7Agentpp7OidListINS_8MibEntryEE5emptyEv
                0x00029570       0x14 obj/Release/src/agentthread.o
                0x00029570                Agentpp::OidList<Agentpp::MibEntry>::empty() const
 .text._ZN7Agentpp7OidListINS_8MibEntryEE5clearEv
                0x00029584       0x48 obj/Release/src/agentthread.o
                0x00029584                Agentpp::OidList<Agentpp::MibEntry>::clear()
 .text._ZN7Agentpp7OidListINS_8MibEntryEE8clearAllEv
                0x000295cc      0x15c obj/Release/src/agentthread.o
                0x000295cc                Agentpp::OidList<Agentpp::MibEntry>::clearAll()
 .text._ZN7Agentpp7OidListINS_8MibEntryEEC2Ev
                0x00029728       0x38 obj/Release/src/agentthread.o
                0x00029728                Agentpp::OidList<Agentpp::MibEntry>::OidList()
                0x00029728                Agentpp::OidList<Agentpp::MibEntry>::OidList()
 .text._ZN7Agentpp7OidListINS_8MibEntryEED2Ev
                0x00029760       0x6c obj/Release/src/agentthread.o
                0x00029760                Agentpp::OidList<Agentpp::MibEntry>::~OidList()
                0x00029760                Agentpp::OidList<Agentpp::MibEntry>::~OidList()
 .text._ZN7Agentpp7OidListINS_8MibGroupEE3addEPS1_
                0x000297cc       0x34 obj/Release/src/agentthread.o
                0x000297cc                Agentpp::OidList<Agentpp::MibGroup>::add(Agentpp::MibGroup*)
 .text._ZN7Agentpp7OidListINS_8MibGroupEE6removeEPS1_
                0x00029800       0x30 obj/Release/src/agentthread.o
                0x00029800                Agentpp::OidList<Agentpp::MibGroup>::remove(Agentpp::MibGroup*)
 .text._ZN7Agentpp7OidListINS_8MibGroupEE6removeEPNS_4OidxE
                0x00029830       0xa4 obj/Release/src/agentthread.o
                0x00029830                Agentpp::OidList<Agentpp::MibGroup>::remove(Agentpp::Oidx*)
 .text._ZNK7Agentpp7OidListINS_8MibGroupEE4findEPNS_4OidxE
                0x000298d4       0x60 obj/Release/src/agentthread.o
                0x000298d4                Agentpp::OidList<Agentpp::MibGroup>::find(Agentpp::Oidx*) const
 .text._ZNK7Agentpp7OidListINS_8MibGroupEE10find_lowerEPNS_4OidxE
                0x00029934      0x1cc obj/Release/src/agentthread.o
                0x00029934                Agentpp::OidList<Agentpp::MibGroup>::find_lower(Agentpp::Oidx*) const
 .text._ZNK7Agentpp7OidListINS_8MibGroupEE10find_upperEPNS_4OidxE
                0x00029b00      0x1fc obj/Release/src/agentthread.o
                0x00029b00                Agentpp::OidList<Agentpp::MibGroup>::find_upper(Agentpp::Oidx*) const
 .text._ZNK7Agentpp7OidListINS_8MibGroupEE9find_nextEPNS_4OidxE
                0x00029cfc       0xb4 obj/Release/src/agentthread.o
                0x00029cfc                Agentpp::OidList<Agentpp::MibGroup>::find_next(Agentpp::Oidx*) const
 .text._ZNK7Agentpp7OidListINS_8MibGroupEE9find_prevEPNS_4OidxE
                0x00029db0       0x70 obj/Release/src/agentthread.o
                0x00029db0                Agentpp::OidList<Agentpp::MibGroup>::find_prev(Agentpp::Oidx*) const
 .text._ZNK7Agentpp7OidListINS_8MibGroupEE4seekEPNS_4OidxE
                0x00029e20       0x54 obj/Release/src/agentthread.o
                0x00029e20                Agentpp::OidList<Agentpp::MibGroup>::seek(Agentpp::Oidx*) const
 .text._ZNK7Agentpp7OidListINS_8MibGroupEE4sizeEv
                0x00029e74        0xc obj/Release/src/agentthread.o
                0x00029e74                Agentpp::OidList<Agentpp::MibGroup>::size() const
 .text._ZNK7Agentpp7OidListINS_8MibGroupEE5firstEv
                0x00029e80       0x7c obj/Release/src/agentthread.o
                0x00029e80                Agentpp::OidList<Agentpp::MibGroup>::first() const
 .text._ZNK7Agentpp7OidListINS_8MibGroupEE4lastEv
                0x00029efc       0x54 obj/Release/src/agentthread.o
                0x00029efc                Agentpp::OidList<Agentpp::MibGroup>::last() const
 .text._ZNK7Agentpp7OidListINS_8MibGroupEE6getNthEi
                0x00029f50       0xfc obj/Release/src/agentthread.o
                0x00029f50                Agentpp::OidList<Agentpp::MibGroup>::getNth(int) const
 .text._ZNK7Agentpp7OidListINS_8MibGroupEE5indexEPS1_
                0x0002a04c       0x50 obj/Release/src/agentthread.o
                0x0002a04c                Agentpp::OidList<Agentpp::MibGroup>::index(Agentpp::MibGroup*) const
 .text._ZNK7Agentpp7OidListINS_8MibGroupEE5emptyEv
                0x0002a09c       0x14 obj/Release/src/agentthread.o
                0x0002a09c                Agentpp::OidList<Agentpp::MibGroup>::empty() const
 .text._ZN7Agentpp7OidListINS_8MibGroupEE5clearEv
                0x0002a0b0       0x48 obj/Release/src/agentthread.o
                0x0002a0b0                Agentpp::OidList<Agentpp::MibGroup>::clear()
 .text._ZN7Agentpp7OidListINS_8MibGroupEE8clearAllEv
                0x0002a0f8      0x15c obj/Release/src/agentthread.o
                0x0002a0f8                Agentpp::OidList<Agentpp::MibGroup>::clearAll()
 .text._ZN7Agentpp7OidListINS_8MibGroupEEC2Ev
                0x0002a254       0x38 obj/Release/src/agentthread.o
                0x0002a254                Agentpp::OidList<Agentpp::MibGroup>::OidList()
                0x0002a254                Agentpp::OidList<Agentpp::MibGroup>::OidList()
 .text._ZN7Agentpp7OidListINS_8MibGroupEED2Ev
                0x0002a28c       0x6c obj/Release/src/agentthread.o
                0x0002a28c                Agentpp::OidList<Agentpp::MibGroup>::~OidList()
                0x0002a28c                Agentpp::OidList<Agentpp::MibGroup>::~OidList()
 .text._ZN7Agentpp4ListINS_7MibLeafEE8addFirstEPS1_
                0x0002a2f8       0x40 obj/Release/src/agentthread.o
                0x0002a2f8                Agentpp::List<Agentpp::MibLeaf>::addFirst(Agentpp::MibLeaf*)
 .text._ZN7Agentpp4ListINS_7MibLeafEE7addLastEPS1_
                0x0002a338       0x74 obj/Release/src/agentthread.o
                0x0002a338                Agentpp::List<Agentpp::MibLeaf>::addLast(Agentpp::MibLeaf*)
 .text._ZN7Agentpp4ListINS_7MibLeafEE3addEPS1_
                0x0002a3ac       0x74 obj/Release/src/agentthread.o
                0x0002a3ac                Agentpp::List<Agentpp::MibLeaf>::add(Agentpp::MibLeaf*)
 .text._ZN7Agentpp4ListINS_7MibLeafEE12insertBeforeEPS1_S3_
                0x0002a420       0xb4 obj/Release/src/agentthread.o
                0x0002a420                Agentpp::List<Agentpp::MibLeaf>::insertBefore(Agentpp::MibLeaf*, Agentpp::MibLeaf*)
 .text._ZN7Agentpp4ListINS_7MibLeafEE11insertAfterEPS1_S3_
                0x0002a4d4       0xe0 obj/Release/src/agentthread.o
                0x0002a4d4                Agentpp::List<Agentpp::MibLeaf>::insertAfter(Agentpp::MibLeaf*, Agentpp::MibLeaf*)
 .text._ZN7Agentpp4ListINS_7MibLeafEE11removeFirstEv
                0x0002a5b4       0x40 obj/Release/src/agentthread.o
                0x0002a5b4                Agentpp::List<Agentpp::MibLeaf>::removeFirst()
 .text._ZN7Agentpp4ListINS_7MibLeafEE10removeLastEv
                0x0002a5f4       0x44 obj/Release/src/agentthread.o
                0x0002a5f4                Agentpp::List<Agentpp::MibLeaf>::removeLast()
 .text._ZN7Agentpp4ListINS_7MibLeafEE8clearAllEv
                0x0002a638       0x58 obj/Release/src/agentthread.o
                0x0002a638                Agentpp::List<Agentpp::MibLeaf>::clearAll()
 .text._ZN7Agentpp4ListINS_7MibLeafEE5clearEv
                0x0002a690       0x38 obj/Release/src/agentthread.o
                0x0002a690                Agentpp::List<Agentpp::MibLeaf>::clear()
 .text._ZN7Agentpp4ListINS_7MibLeafEE6removeEPS1_
                0x0002a6c8       0x80 obj/Release/src/agentthread.o
                0x0002a6c8                Agentpp::List<Agentpp::MibLeaf>::remove(Agentpp::MibLeaf*)
 .text._ZN7Agentpp4ListINS_7MibLeafEE6removeEPNS_8ListItemIS1_EE
                0x0002a748       0x5c obj/Release/src/agentthread.o
                0x0002a748                Agentpp::List<Agentpp::MibLeaf>::remove(Agentpp::ListItem<Agentpp::MibLeaf>*)
 .text._ZNK7Agentpp4ListINS_7MibLeafEE6getNthEi
                0x0002a7a4       0x3c obj/Release/src/agentthread.o
                0x0002a7a4                Agentpp::List<Agentpp::MibLeaf>::getNth(int) const
 .text._ZNK7Agentpp4ListINS_7MibLeafEE8positionEPS1_
                0x0002a7e0       0x34 obj/Release/src/agentthread.o
                0x0002a7e0                Agentpp::List<Agentpp::MibLeaf>::position(Agentpp::MibLeaf*) const
 .text._ZNK7Agentpp4ListINS_7MibLeafEE5indexEPS1_
                0x0002a814       0x44 obj/Release/src/agentthread.o
                0x0002a814                Agentpp::List<Agentpp::MibLeaf>::index(Agentpp::MibLeaf*) const
 .text._ZNK7Agentpp4ListINS_7MibLeafEE5firstEv
                0x0002a858       0x10 obj/Release/src/agentthread.o
                0x0002a858                Agentpp::List<Agentpp::MibLeaf>::first() const
 .text._ZNK7Agentpp4ListINS_7MibLeafEE4lastEv
                0x0002a868       0x10 obj/Release/src/agentthread.o
                0x0002a868                Agentpp::List<Agentpp::MibLeaf>::last() const
 .text._ZN7Agentpp4ListINS_7MibLeafEE12overwriteNthEiPS1_
                0x0002a878       0x94 obj/Release/src/agentthread.o
                0x0002a878                Agentpp::List<Agentpp::MibLeaf>::overwriteNth(int, Agentpp::MibLeaf*)
 .text._ZN7Agentpp4ListINS_7MibLeafEE4trimEi
                0x0002a90c       0x84 obj/Release/src/agentthread.o
                0x0002a90c                Agentpp::List<Agentpp::MibLeaf>::trim(int)
 .text._ZNK7Agentpp4ListINS_7MibLeafEE4sizeEv
                0x0002a990       0x2c obj/Release/src/agentthread.o
                0x0002a990                Agentpp::List<Agentpp::MibLeaf>::size() const
 .text._ZNK7Agentpp4ListINS_7MibLeafEE5emptyEv
                0x0002a9bc       0x10 obj/Release/src/agentthread.o
                0x0002a9bc                Agentpp::List<Agentpp::MibLeaf>::empty() const
 .text._ZN7Agentpp4ListINS_7MibLeafEEC2Ev
                0x0002a9cc       0x10 obj/Release/src/agentthread.o
                0x0002a9cc                Agentpp::List<Agentpp::MibLeaf>::List()
                0x0002a9cc                Agentpp::List<Agentpp::MibLeaf>::List()
 .text._ZN7Agentpp4ListINS_7MibLeafEED2Ev
                0x0002a9dc       0x50 obj/Release/src/agentthread.o
                0x0002a9dc                Agentpp::List<Agentpp::MibLeaf>::~List()
                0x0002a9dc                Agentpp::List<Agentpp::MibLeaf>::~List()
 .text._ZN7Agentpp11OrderedListINS_7MibLeafEE3addEPS1_
                0x0002aa2c       0xc4 obj/Release/src/agentthread.o
                0x0002aa2c                Agentpp::OrderedList<Agentpp::MibLeaf>::add(Agentpp::MibLeaf*)
 .text._ZN7Agentpp11OrderedListINS_7MibLeafEE7addLastEPS1_
                0x0002aaf0       0xbc obj/Release/src/agentthread.o
                0x0002aaf0                Agentpp::OrderedList<Agentpp::MibLeaf>::addLast(Agentpp::MibLeaf*)
 .text._ZN7Agentpp11OrderedListINS_7MibLeafEE9addUniqueEPS1_
                0x0002abac      0x108 obj/Release/src/agentthread.o
                0x0002abac                Agentpp::OrderedList<Agentpp::MibLeaf>::addUnique(Agentpp::MibLeaf*)
 .text._ZN7Agentpp11OrderedListINS_7MibLeafEE6removeEPS1_
                0x0002acb4       0x80 obj/Release/src/agentthread.o
                0x0002acb4                Agentpp::OrderedList<Agentpp::MibLeaf>::remove(Agentpp::MibLeaf*)
 .text._ZN7Agentpp11OrderedListINS_7MibLeafEE6removeEPNS_8ListItemIS1_EE
                0x0002ad34       0x5c obj/Release/src/agentthread.o
                0x0002ad34                Agentpp::OrderedList<Agentpp::MibLeaf>::remove(Agentpp::ListItem<Agentpp::MibLeaf>*)
 .text._ZN7Agentpp11OrderedListINS_7MibLeafEE12overwriteNthEiPS1_